MPLINK 5.00, LINKER
Linker Map File - Created Thu May 07 20:11:37 2015

                                 Section Info
                  Section       Type    Address   Location Size(Bytes)
                ---------  ---------  ---------  ---------  ---------
               _entry_scn       code   0x000000    program   0x000006
           .code___init.o       code   0x000006    program   0x000002
              high_vector       code   0x000008    program   0x000006
                   .cinit    romdata   0x00000e    program   0x00004a
.code_PFiller_SpeedTable.o       code   0x000058    program   0x0007d6
.code_PFiller_Interface.o       code   0x00082e    program   0x000760
             .code_PLCD.o       code   0x000f8e    program   0x000496
.code_PFiller_Interrupts.o       code   0x001424    program   0x000224
             .stringtable    romdata   0x001648    program   0x0001a8
           .code_PFlash.o       code   0x0017f0    program   0x000150
           .code_PScale.o       code   0x001940    program   0x0000e2
     .code_PFiller_Init.o       code   0x001a22    program   0x0000e2
             .code_main.o       code   0x001b04    program   0x0000c6
               _cinit_scn       code   0x001bca    program   0x00009e
           .code_PDelay.o       code   0x001c68    program   0x000094
                     PROG       code   0x001cfc    program   0x000068
                   STRING       code   0x001d64    program   0x000066
    .code_PSerial_RS232.o       code   0x001dca    program   0x00004c
.romdata_PFiller_Interface.o    romdata   0x001e16    program   0x000047
.romdata_PFiller_SpeedTable.o    romdata   0x001e5d    program   0x000000
.romdata_PFiller_Interrupts.o    romdata   0x001e5d    program   0x000000
        .idata_PFlash.o_i    romdata   0x001e5d    program   0x000000
  .romdata_PFiller_Init.o    romdata   0x001e5d    program   0x000000
        .romdata_PFlash.o    romdata   0x001e5d    program   0x000000
        .romdata_PScale.o    romdata   0x001e5d    program   0x000000
        .idata_PScale.o_i    romdata   0x001e5d    program   0x000000
        .idata___init.o_i    romdata   0x001e5d    program   0x000000
        .romdata___init.o    romdata   0x001e5d    program   0x000000
 .romdata_PSerial_RS232.o    romdata   0x001e5d    program   0x000000
       .idata_c018i_e.o_i    romdata   0x001e5d    program   0x000000
       .romdata_c018i_e.o    romdata   0x001e5d    program   0x000000
.idata_configuration_bits.o_i    romdata   0x001e5d    program   0x000000
.romdata_configuration_bits.o    romdata   0x001e5d    program   0x000000
          .idata_main.o_i    romdata   0x001e5d    program   0x000000
        .romdata_PDelay.o    romdata   0x001e5d    program   0x000000
        .idata_PDelay.o_i    romdata   0x001e5d    program   0x000000
          .romdata_PLCD.o    romdata   0x001e5d    program   0x000000
          .romdata_main.o    romdata   0x001e5d    program   0x000000
          .code_c018i_e.o       code   0x001e5e    program   0x000000
              D1KTCYXCODE       code   0x001e5e    program   0x000020
.code_configuration_bits.o       code   0x001e5e    program   0x000000
                    .code       code   0x001e7e    program   0x000020
             _startup_scn       code   0x001e9e    program   0x00001a
              D10TCYXCODE       code   0x001eb8    program   0x000016
 .idata_PSerial_RS232.o_i    romdata   0x001ece    program   0x000013
          .idata_PLCD.o_i    romdata   0x001ee1    program   0x000003
.idata_PFiller_SpeedTable.o_i    romdata   0x001ee4    program   0x000061
.idata_PFiller_Interrupts.o_i    romdata   0x001f45    program   0x000003
.idata_PFiller_Interface.o_i    romdata   0x001f48    program   0x000030
  .idata_PFiller_Init.o_i    romdata   0x001f78    program   0x000005
.config_300000_configuration_bits.o    romdata   0x300000    program   0x000001
.config_300001_configuration_bits.o    romdata   0x300001    program   0x000001
.config_300002_configuration_bits.o    romdata   0x300002    program   0x000001
.config_300003_configuration_bits.o    romdata   0x300003    program   0x000001
.config_300005_configuration_bits.o    romdata   0x300005    program   0x000001
.config_300006_configuration_bits.o    romdata   0x300006    program   0x000001
.config_300008_configuration_bits.o    romdata   0x300008    program   0x000001
.config_300009_configuration_bits.o    romdata   0x300009    program   0x000001
.config_30000a_configuration_bits.o    romdata   0x30000a    program   0x000001
.config_30000b_configuration_bits.o    romdata   0x30000b    program   0x000001
.config_30000c_configuration_bits.o    romdata   0x30000c    program   0x000001
.config_30000d_configuration_bits.o    romdata   0x30000d    program   0x000001
.udata_PFiller_SpeedTable.o      udata   0x000000       data   0x000040
   .idata_PSerial_RS232.o      idata   0x000040       data   0x000013
         .udata_c018i_e.o      udata   0x000053       data   0x00000a
            .idata_PLCD.o      idata   0x00005d       data   0x000003
.idata_PFiller_SpeedTable.o      idata   0x000060       data   0x000061
.idata_PFiller_Interface.o      idata   0x0000c1       data   0x000030
    .idata_PFiller_Init.o      idata   0x0000f1       data   0x000005
                MATH_DATA      udata   0x0000f6       data   0x000004
                 .tmpdata      udata   0x0000fa       data   0x000004
    Service_Interrupt_tmp      udata   0x0000fe       data   0x000002
          .udata_PScale.o      udata   0x000100       data   0x000011
.idata_PFiller_Interrupts.o      idata   0x000111       data   0x000003
                DELAYDAT1      udata   0x000114       data   0x000001
          .idata___init.o      idata   0x000115       data   0x000000
          .udata___init.o      udata   0x000115       data   0x000000
          .idata_PFlash.o      idata   0x000115       data   0x000000
          .udata_PFlash.o      udata   0x000115       data   0x000000
         .idata_c018i_e.o      idata   0x000115       data   0x000000
.udata_configuration_bits.o      udata   0x000115       data   0x000000
.idata_configuration_bits.o      idata   0x000115       data   0x000000
.udata_PFiller_Interface.o      udata   0x000115       data   0x000000
.udata_PFiller_Interrupts.o      udata   0x000115       data   0x000000
            .udata_main.o      udata   0x000115       data   0x000000
    .udata_PFiller_Init.o      udata   0x000115       data   0x000000
          .idata_PScale.o      idata   0x000115       data   0x000000
            .idata_main.o      idata   0x000115       data   0x000000
   .udata_PSerial_RS232.o      udata   0x000115       data   0x000000
          .idata_PDelay.o      idata   0x000115       data   0x000000
          .udata_PDelay.o      udata   0x000115       data   0x000000
            .udata_PLCD.o      udata   0x000115       data   0x000000
                   .stack      udata   0x000300       data   0x000100
              SFR_BANKED0      udata   0x000f57       data   0x000007
            SFR_UNBANKED0      udata   0x000f60       data   0x0000a0



                              Program Memory Usage 
                               Start         End      
                           ---------   ---------      
                            0x000000    0x001e5c      
                            0x001e5e    0x001f7c      
                            0x300000    0x300003      
                            0x300005    0x300006      
                            0x300008    0x30000d      
            8072 out of 33048 program addresses used, program memory utilization is 24%



                              Symbols - Sorted by Name
                     Name    Address   Location    Storage File                     
                ---------  ---------  ---------  --------- ---------                
        Check_ButtonState   0x00082e    program     extern G:\Development\Projects\FeederController.X\PFiller_Interface.c
      Convert_ScaleString   0x001978    program     extern G:\Development\Projects\FeederController.X\PScale.c
Convert_SelectedWeightToStr   0x00013e    program     extern G:\Development\Projects\FeederController.X\PFiller_SpeedTable.c
   Create_CustomWeightStr   0x00012a    program     extern G:\Development\Projects\FeederController.X\PFiller_SpeedTable.c
                    D10_1   0x001ec8    program     static E:\3.46\pic18-lt\cxx-framework\src\extended\delays\d10tcyx.asm
                     D10x   0x001ec0    program     static E:\3.46\pic18-lt\cxx-framework\src\extended\delays\d10tcyx.asm
                    D1K_1   0x001e6c    program     static E:\3.46\pic18-lt\cxx-framework\src\extended\delays\d1ktcyx.asm
                     D1Kx   0x001e6a    program     static E:\3.46\pic18-lt\cxx-framework\src\extended\delays\d1ktcyx.asm
              Delay10TCYx   0x001eb8    program     extern E:\3.46\pic18-lt\cxx-framework\src\extended\delays\d10tcyx.asm
              Delay1KTCYx   0x001e5e    program     extern E:\3.46\pic18-lt\cxx-framework\src\extended\delays\d1ktcyx.asm
             Delay_10x_ms   0x001cba    program     extern G:\Development\Projects\FeederController.X\PDelay.c
              Delay_5x_us   0x001c68    program     extern G:\Development\Projects\FeederController.X\PDelay.c
                 Delay_ms   0x001c90    program     extern G:\Development\Projects\FeederController.X\PDelay.c
       Draw_CurrentWeight   0x000c82    program     extern G:\Development\Projects\FeederController.X\PFiller_Interface.c
        Draw_CustomWeight   0x000c7c    program     extern G:\Development\Projects\FeederController.X\PFiller_Interface.c
          Draw_FeederItem   0x000c68    program     extern G:\Development\Projects\FeederController.X\PFiller_Interface.c
  Draw_InterfaceSelection   0x000bdc    program     extern G:\Development\Projects\FeederController.X\PFiller_Interface.c
         Draw_ProgressBar   0x000cdc    program     extern G:\Development\Projects\FeederController.X\PFiller_Interface.c
               Draw_Speed   0x000c94    program     extern G:\Development\Projects\FeederController.X\PFiller_Interface.c
              Draw_Status   0x000cc6    program     extern G:\Development\Projects\FeederController.X\PFiller_Interface.c
  Draw_TargetPresetWeight   0x000c7a    program     extern G:\Development\Projects\FeederController.X\PFiller_Interface.c
        Flash_Erase_Block   0x0017f0    program     extern G:\Development\Projects\FeederController.X\PFlash.c
               Flash_Read   0x0018d2    program     extern G:\Development\Projects\FeederController.X\PFlash.c
        Flash_Write_Block   0x00183c    program     extern G:\Development\Projects\FeederController.X\PFlash.c
          Get_FeederSpeed   0x0002c0    program     extern G:\Development\Projects\FeederController.X\PFiller_SpeedTable.c
     Handle_ButtonPresses   0x000a56    program     extern G:\Development\Projects\FeederController.X\PFiller_Interface.c
     Init_ButtonInterface   0x001af0    program     extern G:\Development\Projects\FeederController.X\PFiller_Init.c
                 Init_DAC   0x001ae2    program     extern G:\Development\Projects\FeederController.X\PFiller_Init.c
              Init_Filler   0x001a24    program     extern G:\Development\Projects\FeederController.X\PFiller_Init.c
       Init_FillerDisplay   0x000b4a    program     extern G:\Development\Projects\FeederController.X\PFiller_Interface.c
                 Init_LCD   0x001ac0    program     extern G:\Development\Projects\FeederController.X\PFiller_Init.c
          Init_Oscillator   0x001aa6    program     extern G:\Development\Projects\FeederController.X\PFiller_Init.c
               Init_RS232   0x001dca    program     extern G:\Development\Projects\FeederController.X\PSerial_RS232.c
               Init_Scale   0x001940    program     extern G:\Development\Projects\FeederController.X\PScale.c
           Init_Variables   0x001a22    program     extern G:\Development\Projects\FeederController.X\PFiller_Init.c
      LCD_ActivateDisplay   0x00123e    program     extern G:\Development\Projects\FeederController.X\PLCD.c
          LCD_BlinkCursor   0x0012da    program     extern G:\Development\Projects\FeederController.X\PLCD.c
          LCD_ClearScreen   0x001008    program     extern G:\Development\Projects\FeederController.X\PLCD.c
               LCD_Enable   0x000f8e    program     extern G:\Development\Projects\FeederController.X\PLCD.c
               LCD_GotoXY   0x00101e    program     extern G:\Development\Projects\FeederController.X\PLCD.c
           LCD_Initialize   0x000f9c    program     extern G:\Development\Projects\FeederController.X\PLCD.c
           LCD_ReturnHome   0x001012    program     extern G:\Development\Projects\FeederController.X\PLCD.c
             LCD_SendData   0x0010de    program     extern G:\Development\Projects\FeederController.X\PLCD.c
         LCD_SetCGRAMAddr   0x0011b6    program     extern G:\Development\Projects\FeederController.X\PLCD.c
      LCD_SetCGRAMCharRAM   0x0011ca    program     extern G:\Development\Projects\FeederController.X\PLCD.c
      LCD_SetCGRAMCharROM   0x001204    program     extern G:\Development\Projects\FeederController.X\PLCD.c
    LCD_SetCursorMovement   0x001288    program     extern G:\Development\Projects\FeederController.X\PLCD.c
      LCD_SetDisplayShift   0x001264    program     extern G:\Development\Projects\FeederController.X\PLCD.c
           LCD_ShowCursor   0x0012b4    program     extern G:\Development\Projects\FeederController.X\PLCD.c
       LCD_WaitForNotBusy   0x00118a    program     extern G:\Development\Projects\FeederController.X\PLCD.c
            LCD_WriteChar   0x001090    program     extern G:\Development\Projects\FeederController.X\PLCD.c
         LCD_WriteCommand   0x000ff0    program     extern G:\Development\Projects\FeederController.X\PLCD.c
    LCD_WriteStringLenRAM   0x0010f8    program     extern G:\Development\Projects\FeederController.X\PLCD.c
    LCD_WriteStringLenROM   0x001128    program     extern G:\Development\Projects\FeederController.X\PLCD.c
       LCD_WriteStringRAM   0x00115a    program     extern G:\Development\Projects\FeederController.X\PLCD.c
       LCD_WriteStringROM   0x001172    program     extern G:\Development\Projects\FeederController.X\PLCD.c
  Load_NextItemSpeedTable   0x000278    program     extern G:\Development\Projects\FeederController.X\PFiller_SpeedTable.c
    Load_NextPresetWeight   0x000086    program     extern G:\Development\Projects\FeederController.X\PFiller_SpeedTable.c
  Load_PrevItemSpeedTable   0x00029e    program     extern G:\Development\Projects\FeederController.X\PFiller_SpeedTable.c
    Load_PrevPresetWeight   0x00006e    program     extern G:\Development\Projects\FeederController.X\PFiller_SpeedTable.c
Load_WeightSpeedTableEntry   0x000058    program     extern G:\Development\Projects\FeederController.X\PFiller_SpeedTable.c
   Make_WeightSelectedStr   0x0000a4    program     extern G:\Development\Projects\FeederController.X\PFiller_SpeedTable.c
  Make_WeightSpeedEntries   0x0003a4    program     extern G:\Development\Projects\FeederController.X\PFiller_SpeedTable.c
         Redraw_Interface   0x000cce    program     extern G:\Development\Projects\FeederController.X\PFiller_Interface.c
Save_WeightSpeedTableEntry   0x000392    program     extern G:\Development\Projects\FeederController.X\PFiller_SpeedTable.c
       Scale_Request_Tare   0x00194c    program     extern G:\Development\Projects\FeederController.X\PScale.c
     Scale_Request_Weight   0x001962    program     extern G:\Development\Projects\FeederController.X\PScale.c
        Service_Interrupt   0x001424    program     extern G:\Development\Projects\FeederController.X\PFiller_Interrupts.c
          Start_FillCycle   0x0009f4    program     extern G:\Development\Projects\FeederController.X\PFiller_Interface.c
              _2jContinue   0x001d84    program     static E:\3.46\pic18-lt\cxx-framework\src\extended\stdclib\memset.asm
                   _3jEnd   0x001d8e    program     static E:\3.46\pic18-lt\cxx-framework\src\extended\stdclib\memset.asm
               _CustChar1   0x001e1b    program     extern G:\Development\Projects\FeederController.X\PFiller_Interface.c
               _CustChar2   0x001e23    program     extern G:\Development\Projects\FeederController.X\PFiller_Interface.c
               _CustChar3   0x001e2b    program     extern G:\Development\Projects\FeederController.X\PFiller_Interface.c
               _CustChar4   0x001e33    program     extern G:\Development\Projects\FeederController.X\PFiller_Interface.c
               _CustChar5   0x001e3b    program     extern G:\Development\Projects\FeederController.X\PFiller_Interface.c
               _CustChar6   0x001e43    program     extern G:\Development\Projects\FeederController.X\PFiller_Interface.c
        _D10TCYXCODE_000A   0x001ec2    program     static E:\3.46\pic18-lt\cxx-framework\src\extended\delays\d10tcyx.asm
        _D10TCYXCODE_000C   0x001ec4    program     static E:\3.46\pic18-lt\cxx-framework\src\extended\delays\d10tcyx.asm
        _D10TCYXCODE_000E   0x001ec6    program     static E:\3.46\pic18-lt\cxx-framework\src\extended\delays\d10tcyx.asm
        _D1KTCYXCODE_0012   0x001e70    program     static E:\3.46\pic18-lt\cxx-framework\src\extended\delays\d1ktcyx.asm
        _D1KTCYXCODE_0018   0x001e76    program     static E:\3.46\pic18-lt\cxx-framework\src\extended\delays\d1ktcyx.asm
    _PFillFirmwareVersion   0x001e16    program     extern G:\Development\Projects\FeederController.X\PFiller_Interface.c
          _PFillTitleName   0x001e4b    program     extern G:\Development\Projects\FeederController.X\PFiller_Interface.c
       _PFillTitleVersion   0x001e54    program     extern G:\Development\Projects\FeederController.X\PFiller_Interface.c
          ___for_lbl00002   0x0018b0    program     static                          
          ___for_lbl00003   0x0018b4    program     static                          
          ___for_lbl00004   0x001884    program     static                          
          ___for_lbl00006   0x001934    program     static                          
          ___for_lbl00007   0x001938    program     static                          
          ___for_lbl00008   0x001902    program     static                          
       ___return_lbl00000   0x000004    program     static                          
       ___return_lbl00000   0x001834    program     static                          
       ___return_lbl00000   0x000f9a    program     static                          
       ___return_lbl00001   0x001eb6    program     static                          
       ___return_lbl00001   0x0018ca    program     static                          
       ___return_lbl00002   0x001c66    program     static                          
       ___return_lbl00005   0x001938    program     static                          
       ___return_lbl00022   0x00000c    program     static                          
               __config_0   0x300000    program     static G:\Development\Projects\FeederController.X\configuration_bits.c
               __config_1   0x300001    program     static G:\Development\Projects\FeederController.X\configuration_bits.c
              __config_10   0x30000c    program     static G:\Development\Projects\FeederController.X\configuration_bits.c
              __config_11   0x30000d    program     static G:\Development\Projects\FeederController.X\configuration_bits.c
               __config_2   0x300002    program     static G:\Development\Projects\FeederController.X\configuration_bits.c
               __config_3   0x300003    program     static G:\Development\Projects\FeederController.X\configuration_bits.c
               __config_4   0x300005    program     static G:\Development\Projects\FeederController.X\configuration_bits.c
               __config_5   0x300006    program     static G:\Development\Projects\FeederController.X\configuration_bits.c
               __config_6   0x300008    program     static G:\Development\Projects\FeederController.X\configuration_bits.c
               __config_7   0x300009    program     static G:\Development\Projects\FeederController.X\configuration_bits.c
               __config_8   0x30000a    program     static G:\Development\Projects\FeederController.X\configuration_bits.c
               __config_9   0x30000b    program     static G:\Development\Projects\FeederController.X\configuration_bits.c
                   __init   0x000006    program     extern E:\3.46\pic18-lt\cxx-framework\src\extended\stdclib\__init.c
                  __mul16   0x001cfc    program     extern E:\3.46\pic18-lt\cxx-framework\src\extended\math\mul16.asm
                   __pa_0   0x001610    program     static G:\Development\Projects\FeederController.X\PFiller_Interrupts.c
                   __pa_0   0x001ce2    program     static G:\Development\Projects\FeederController.X\PDelay.c
                   __pa_0   0x0019fe    program     static G:\Development\Projects\FeederController.X\PScale.c
                   __pa_0   0x000e24    program     static G:\Development\Projects\FeederController.X\PFiller_Interface.c
                   __pa_0   0x001300    program     static G:\Development\Projects\FeederController.X\PLCD.c
                   __pa_0   0x0005ca    program     static G:\Development\Projects\FeederController.X\PFiller_SpeedTable.c
                   __pa_1   0x001618    program     static G:\Development\Projects\FeederController.X\PFiller_Interrupts.c
                   __pa_1   0x000e3e    program     static G:\Development\Projects\FeederController.X\PFiller_Interface.c
                   __pa_1   0x001308    program     static G:\Development\Projects\FeederController.X\PLCD.c
                   __pa_1   0x0005da    program     static G:\Development\Projects\FeederController.X\PFiller_SpeedTable.c
                   __pa_1   0x001a12    program     static G:\Development\Projects\FeederController.X\PScale.c
                   __pa_1   0x001cee    program     static G:\Development\Projects\FeederController.X\PDelay.c
                  __pa_10   0x00137a    program     static G:\Development\Projects\FeederController.X\PLCD.c
                  __pa_10   0x000684    program     static G:\Development\Projects\FeederController.X\PFiller_SpeedTable.c
                  __pa_10   0x000ea2    program     static G:\Development\Projects\FeederController.X\PFiller_Interface.c
                  __pa_11   0x00069c    program     static G:\Development\Projects\FeederController.X\PFiller_SpeedTable.c
                  __pa_11   0x000eb0    program     static G:\Development\Projects\FeederController.X\PFiller_Interface.c
                  __pa_11   0x00138c    program     static G:\Development\Projects\FeederController.X\PLCD.c
                  __pa_12   0x0006aa    program     static G:\Development\Projects\FeederController.X\PFiller_SpeedTable.c
                  __pa_12   0x00139c    program     static G:\Development\Projects\FeederController.X\PLCD.c
                  __pa_12   0x000eba    program     static G:\Development\Projects\FeederController.X\PFiller_Interface.c
                  __pa_13   0x0013a8    program     static G:\Development\Projects\FeederController.X\PLCD.c
                  __pa_13   0x000ec4    program     static G:\Development\Projects\FeederController.X\PFiller_Interface.c
                  __pa_13   0x0006ba    program     static G:\Development\Projects\FeederController.X\PFiller_SpeedTable.c
                  __pa_14   0x0013b2    program     static G:\Development\Projects\FeederController.X\PLCD.c
                  __pa_14   0x0006d2    program     static G:\Development\Projects\FeederController.X\PFiller_SpeedTable.c
                  __pa_14   0x000eda    program     static G:\Development\Projects\FeederController.X\PFiller_Interface.c
                  __pa_15   0x0013ba    program     static G:\Development\Projects\FeederController.X\PLCD.c
                  __pa_15   0x0006d8    program     static G:\Development\Projects\FeederController.X\PFiller_SpeedTable.c
                  __pa_15   0x000ee4    program     static G:\Development\Projects\FeederController.X\PFiller_Interface.c
                  __pa_16   0x0013c8    program     static G:\Development\Projects\FeederController.X\PLCD.c
                  __pa_16   0x0006e0    program     static G:\Development\Projects\FeederController.X\PFiller_SpeedTable.c
                  __pa_16   0x000ef0    program     static G:\Development\Projects\FeederController.X\PFiller_Interface.c
                  __pa_17   0x0013d2    program     static G:\Development\Projects\FeederController.X\PLCD.c
                  __pa_17   0x0006f2    program     static G:\Development\Projects\FeederController.X\PFiller_SpeedTable.c
                  __pa_17   0x000ef6    program     static G:\Development\Projects\FeederController.X\PFiller_Interface.c
                  __pa_18   0x0013da    program     static G:\Development\Projects\FeederController.X\PLCD.c
                  __pa_18   0x000704    program     static G:\Development\Projects\FeederController.X\PFiller_SpeedTable.c
                  __pa_18   0x000f00    program     static G:\Development\Projects\FeederController.X\PFiller_Interface.c
                  __pa_19   0x000710    program     static G:\Development\Projects\FeederController.X\PFiller_SpeedTable.c
                  __pa_19   0x000f0a    program     static G:\Development\Projects\FeederController.X\PFiller_Interface.c
                  __pa_19   0x0013e8    program     static G:\Development\Projects\FeederController.X\PLCD.c
                   __pa_2   0x0005ee    program     static G:\Development\Projects\FeederController.X\PFiller_SpeedTable.c
                   __pa_2   0x000e48    program     static G:\Development\Projects\FeederController.X\PFiller_Interface.c
                   __pa_2   0x001628    program     static G:\Development\Projects\FeederController.X\PFiller_Interrupts.c
                   __pa_2   0x001312    program     static G:\Development\Projects\FeederController.X\PLCD.c
                  __pa_20   0x000f14    program     static G:\Development\Projects\FeederController.X\PFiller_Interface.c
                  __pa_20   0x00071a    program     static G:\Development\Projects\FeederController.X\PFiller_SpeedTable.c
                  __pa_20   0x0013f0    program     static G:\Development\Projects\FeederController.X\PLCD.c
                  __pa_21   0x000f1e    program     static G:\Development\Projects\FeederController.X\PFiller_Interface.c
                  __pa_21   0x000724    program     static G:\Development\Projects\FeederController.X\PFiller_SpeedTable.c
                  __pa_21   0x0013f8    program     static G:\Development\Projects\FeederController.X\PLCD.c
                  __pa_22   0x001402    program     static G:\Development\Projects\FeederController.X\PLCD.c
                  __pa_22   0x000730    program     static G:\Development\Projects\FeederController.X\PFiller_SpeedTable.c
                  __pa_22   0x000f24    program     static G:\Development\Projects\FeederController.X\PFiller_Interface.c
                  __pa_23   0x00073e    program     static G:\Development\Projects\FeederController.X\PFiller_SpeedTable.c
                  __pa_23   0x00140c    program     static G:\Development\Projects\FeederController.X\PLCD.c
                  __pa_23   0x000f32    program     static G:\Development\Projects\FeederController.X\PFiller_Interface.c
                  __pa_24   0x001414    program     static G:\Development\Projects\FeederController.X\PLCD.c
                  __pa_24   0x000f3c    program     static G:\Development\Projects\FeederController.X\PFiller_Interface.c
                  __pa_24   0x00074c    program     static G:\Development\Projects\FeederController.X\PFiller_SpeedTable.c
                  __pa_25   0x00141e    program     static G:\Development\Projects\FeederController.X\PLCD.c
                  __pa_25   0x000f44    program     static G:\Development\Projects\FeederController.X\PFiller_Interface.c
                  __pa_25   0x000756    program     static G:\Development\Projects\FeederController.X\PFiller_SpeedTable.c
                  __pa_26   0x000f4e    program     static G:\Development\Projects\FeederController.X\PFiller_Interface.c
                  __pa_26   0x00075e    program     static G:\Development\Projects\FeederController.X\PFiller_SpeedTable.c
                  __pa_27   0x00077e    program     static G:\Development\Projects\FeederController.X\PFiller_SpeedTable.c
                  __pa_27   0x000f5a    program     static G:\Development\Projects\FeederController.X\PFiller_Interface.c
                  __pa_28   0x000784    program     static G:\Development\Projects\FeederController.X\PFiller_SpeedTable.c
                  __pa_28   0x000f6a    program     static G:\Development\Projects\FeederController.X\PFiller_Interface.c
                  __pa_29   0x000790    program     static G:\Development\Projects\FeederController.X\PFiller_SpeedTable.c
                  __pa_29   0x000f72    program     static G:\Development\Projects\FeederController.X\PFiller_Interface.c
                   __pa_3   0x000e4c    program     static G:\Development\Projects\FeederController.X\PFiller_Interface.c
                   __pa_3   0x001318    program     static G:\Development\Projects\FeederController.X\PLCD.c
                   __pa_3   0x001636    program     static G:\Development\Projects\FeederController.X\PFiller_Interrupts.c
                   __pa_3   0x0005fa    program     static G:\Development\Projects\FeederController.X\PFiller_SpeedTable.c
                  __pa_30   0x0007a2    program     static G:\Development\Projects\FeederController.X\PFiller_SpeedTable.c
                  __pa_30   0x000f7c    program     static G:\Development\Projects\FeederController.X\PFiller_Interface.c
                  __pa_31   0x0007b2    program     static G:\Development\Projects\FeederController.X\PFiller_SpeedTable.c
                  __pa_31   0x000f84    program     static G:\Development\Projects\FeederController.X\PFiller_Interface.c
                  __pa_32   0x0007be    program     static G:\Development\Projects\FeederController.X\PFiller_SpeedTable.c
                  __pa_33   0x0007c6    program     static G:\Development\Projects\FeederController.X\PFiller_SpeedTable.c
                  __pa_34   0x0007d8    program     static G:\Development\Projects\FeederController.X\PFiller_SpeedTable.c
                  __pa_35   0x0007e0    program     static G:\Development\Projects\FeederController.X\PFiller_SpeedTable.c
                  __pa_36   0x0007ec    program     static G:\Development\Projects\FeederController.X\PFiller_SpeedTable.c
                  __pa_37   0x0007f6    program     static G:\Development\Projects\FeederController.X\PFiller_SpeedTable.c
                  __pa_38   0x0007fe    program     static G:\Development\Projects\FeederController.X\PFiller_SpeedTable.c
                  __pa_39   0x000806    program     static G:\Development\Projects\FeederController.X\PFiller_SpeedTable.c
                   __pa_4   0x000612    program     static G:\Development\Projects\FeederController.X\PFiller_SpeedTable.c
                   __pa_4   0x001336    program     static G:\Development\Projects\FeederController.X\PLCD.c
                   __pa_4   0x001640    program     static G:\Development\Projects\FeederController.X\PFiller_Interrupts.c
                   __pa_4   0x000e52    program     static G:\Development\Projects\FeederController.X\PFiller_Interface.c
                  __pa_40   0x00080e    program     static G:\Development\Projects\FeederController.X\PFiller_SpeedTable.c
                  __pa_41   0x00081a    program     static G:\Development\Projects\FeederController.X\PFiller_SpeedTable.c
                  __pa_42   0x000826    program     static G:\Development\Projects\FeederController.X\PFiller_SpeedTable.c
                   __pa_5   0x000e64    program     static G:\Development\Projects\FeederController.X\PFiller_Interface.c
                   __pa_5   0x00061a    program     static G:\Development\Projects\FeederController.X\PFiller_SpeedTable.c
                   __pa_5   0x001344    program     static G:\Development\Projects\FeederController.X\PLCD.c
                   __pa_6   0x001354    program     static G:\Development\Projects\FeederController.X\PLCD.c
                   __pa_6   0x000e68    program     static G:\Development\Projects\FeederController.X\PFiller_Interface.c
                   __pa_6   0x000622    program     static G:\Development\Projects\FeederController.X\PFiller_SpeedTable.c
                   __pa_7   0x000e7c    program     static G:\Development\Projects\FeederController.X\PFiller_Interface.c
                   __pa_7   0x00063c    program     static G:\Development\Projects\FeederController.X\PFiller_SpeedTable.c
                   __pa_7   0x00135c    program     static G:\Development\Projects\FeederController.X\PLCD.c
                   __pa_8   0x001364    program     static G:\Development\Projects\FeederController.X\PLCD.c
                   __pa_8   0x00065a    program     static G:\Development\Projects\FeederController.X\PFiller_SpeedTable.c
                   __pa_8   0x000e8c    program     static G:\Development\Projects\FeederController.X\PFiller_Interface.c
                   __pa_9   0x001372    program     static G:\Development\Projects\FeederController.X\PLCD.c
                   __pa_9   0x000678    program     static G:\Development\Projects\FeederController.X\PFiller_SpeedTable.c
                   __pa_9   0x000e94    program     static G:\Development\Projects\FeederController.X\PFiller_Interface.c
               __string_0   0x001648    program     static G:\Development\Projects\FeederController.X\main.c
               __string_0   0x00165d    program     static G:\Development\Projects\FeederController.X\PFiller_Interrupts.c
               __string_0   0x0017eb    program     static G:\Development\Projects\FeederController.X\PFiller_SpeedTable.c
               __string_1   0x0017e6    program     static G:\Development\Projects\FeederController.X\PFiller_SpeedTable.c
              __string_10   0x0017b6    program     static G:\Development\Projects\FeederController.X\PFiller_SpeedTable.c
              __string_11   0x0017b1    program     static G:\Development\Projects\FeederController.X\PFiller_SpeedTable.c
              __string_12   0x0017ac    program     static G:\Development\Projects\FeederController.X\PFiller_SpeedTable.c
              __string_13   0x0017a7    program     static G:\Development\Projects\FeederController.X\PFiller_SpeedTable.c
              __string_14   0x0017a2    program     static G:\Development\Projects\FeederController.X\PFiller_SpeedTable.c
              __string_15   0x00179d    program     static G:\Development\Projects\FeederController.X\PFiller_SpeedTable.c
              __string_16   0x001798    program     static G:\Development\Projects\FeederController.X\PFiller_SpeedTable.c
              __string_17   0x001793    program     static G:\Development\Projects\FeederController.X\PFiller_SpeedTable.c
              __string_18   0x00178e    program     static G:\Development\Projects\FeederController.X\PFiller_SpeedTable.c
              __string_19   0x001789    program     static G:\Development\Projects\FeederController.X\PFiller_SpeedTable.c
               __string_2   0x0017e1    program     static G:\Development\Projects\FeederController.X\PFiller_SpeedTable.c
              __string_20   0x001784    program     static G:\Development\Projects\FeederController.X\PFiller_SpeedTable.c
              __string_21   0x00177f    program     static G:\Development\Projects\FeederController.X\PFiller_SpeedTable.c
              __string_22   0x00177a    program     static G:\Development\Projects\FeederController.X\PFiller_SpeedTable.c
              __string_23   0x001775    program     static G:\Development\Projects\FeederController.X\PFiller_SpeedTable.c
              __string_24   0x001770    program     static G:\Development\Projects\FeederController.X\PFiller_SpeedTable.c
              __string_25   0x00176b    program     static G:\Development\Projects\FeederController.X\PFiller_SpeedTable.c
              __string_26   0x001766    program     static G:\Development\Projects\FeederController.X\PFiller_SpeedTable.c
              __string_27   0x001761    program     static G:\Development\Projects\FeederController.X\PFiller_SpeedTable.c
              __string_28   0x00175c    program     static G:\Development\Projects\FeederController.X\PFiller_SpeedTable.c
              __string_29   0x001757    program     static G:\Development\Projects\FeederController.X\PFiller_SpeedTable.c
               __string_3   0x0017dc    program     static G:\Development\Projects\FeederController.X\PFiller_SpeedTable.c
               __string_3   0x0016c4    program     static G:\Development\Projects\FeederController.X\PFiller_Interface.c
              __string_30   0x001752    program     static G:\Development\Projects\FeederController.X\PFiller_SpeedTable.c
              __string_31   0x00174d    program     static G:\Development\Projects\FeederController.X\PFiller_SpeedTable.c
              __string_32   0x001748    program     static G:\Development\Projects\FeederController.X\PFiller_SpeedTable.c
              __string_33   0x001743    program     static G:\Development\Projects\FeederController.X\PFiller_SpeedTable.c
              __string_34   0x00173e    program     static G:\Development\Projects\FeederController.X\PFiller_SpeedTable.c
              __string_35   0x001739    program     static G:\Development\Projects\FeederController.X\PFiller_SpeedTable.c
              __string_36   0x001734    program     static G:\Development\Projects\FeederController.X\PFiller_SpeedTable.c
              __string_37   0x00172f    program     static G:\Development\Projects\FeederController.X\PFiller_SpeedTable.c
              __string_38   0x00172a    program     static G:\Development\Projects\FeederController.X\PFiller_SpeedTable.c
              __string_39   0x001716    program     static G:\Development\Projects\FeederController.X\PFiller_SpeedTable.c
               __string_4   0x0017d6    program     static G:\Development\Projects\FeederController.X\PFiller_SpeedTable.c
               __string_4   0x0016af    program     static G:\Development\Projects\FeederController.X\PFiller_Interface.c
              __string_40   0x001702    program     static G:\Development\Projects\FeederController.X\PFiller_SpeedTable.c
              __string_41   0x0016ee    program     static G:\Development\Projects\FeederController.X\PFiller_SpeedTable.c
              __string_42   0x0016d9    program     static G:\Development\Projects\FeederController.X\PFiller_SpeedTable.c
               __string_5   0x00169a    program     static G:\Development\Projects\FeederController.X\PFiller_Interface.c
               __string_5   0x0017cf    program     static G:\Development\Projects\FeederController.X\PFiller_SpeedTable.c
               __string_6   0x001687    program     static G:\Development\Projects\FeederController.X\PFiller_Interface.c
               __string_6   0x0017ca    program     static G:\Development\Projects\FeederController.X\PFiller_SpeedTable.c
               __string_7   0x001672    program     static G:\Development\Projects\FeederController.X\PFiller_Interface.c
               __string_7   0x0017c5    program     static G:\Development\Projects\FeederController.X\PFiller_SpeedTable.c
               __string_8   0x0017c0    program     static G:\Development\Projects\FeederController.X\PFiller_SpeedTable.c
               __string_9   0x0017bb    program     static G:\Development\Projects\FeederController.X\PFiller_SpeedTable.c
               __tmplbl_0   0x00189c    program     static                          
               __tmplbl_1   0x00191a    program     static                          
            __zero_memory   0x001e7e    program     extern E:\3.46\pic18-lt\cxx-framework\src\extended\proc\p18f25k50.asm
                _do_cinit   0x001bca    program     extern E:\3.46\pic18-lt\cxx-framework\src\extended\startup\c018i_e.c
                   _entry   0x000000    program     extern E:\3.46\pic18-lt\cxx-framework\src\extended\startup\c018i_e.c
                 _startup   0x001e9e    program     extern E:\3.46\pic18-lt\cxx-framework\src\extended\startup\c018i_e.c
                compare_l   0x001e94    program     static E:\3.46\pic18-lt\cxx-framework\src\extended\proc\p18f25k50.asm
                copy_loop   0x001c3c    program     static                          
            copy_one_byte   0x001c42    program     static                          
                     done   0x001c66    program     static                          
             done_copying   0x001c50    program     static                          
           high_interrupt   0x000008    program     extern G:\Development\Projects\FeederController.X\PFiller_Interrupts.c
                     jEnd   0x001dc8    program     static E:\3.46\pic18-lt\cxx-framework\src\extended\stdclib\scpyp2r.asm
                     jEnd   0x001d96    program     static E:\3.46\pic18-lt\cxx-framework\src\extended\stdclib\memset.asm
                    jLoop   0x001dbe    program     static E:\3.46\pic18-lt\cxx-framework\src\extended\stdclib\scpyp2r.asm
                    jLoop   0x001d78    program     static E:\3.46\pic18-lt\cxx-framework\src\extended\stdclib\memset.asm
                     loop   0x001eac    program     static                          
                   loop_h   0x001e8c    program     static E:\3.46\pic18-lt\cxx-framework\src\extended\proc\p18f25k50.asm
                   loop_l   0x001e96    program     static E:\3.46\pic18-lt\cxx-framework\src\extended\proc\p18f25k50.asm
                     main   0x001b04    program     extern G:\Development\Projects\FeederController.X\main.c
                   memset   0x001d64    program     extern E:\3.46\pic18-lt\cxx-framework\src\extended\stdclib\memset.asm
            strcpypgm2ram   0x001d98    program     extern E:\3.46\pic18-lt\cxx-framework\src\extended\stdclib\scpyp2r.asm
                     test   0x001be4    program     static                          
               zero_block   0x001e8c    program     static E:\3.46\pic18-lt\cxx-framework\src\extended\proc\p18f25k50.asm
                   ACTCON   0x000fb5       data     extern E:\3.46\pic18-lt\cxx-framework\src\extended\proc\p18f25k50.asm
               ACTCONbits   0x000fb5       data     extern E:\3.46\pic18-lt\cxx-framework\src\extended\proc\p18f25k50.asm
                   ADCON0   0x000fc2       data     extern E:\3.46\pic18-lt\cxx-framework\src\extended\proc\p18f25k50.asm
               ADCON0bits   0x000fc2       data     extern E:\3.46\pic18-lt\cxx-framework\src\extended\proc\p18f25k50.asm
                   ADCON1   0x000fc1       data     extern E:\3.46\pic18-lt\cxx-framework\src\extended\proc\p18f25k50.asm
               ADCON1bits   0x000fc1       data     extern E:\3.46\pic18-lt\cxx-framework\src\extended\proc\p18f25k50.asm
                   ADCON2   0x000fc0       data     extern E:\3.46\pic18-lt\cxx-framework\src\extended\proc\p18f25k50.asm
               ADCON2bits   0x000fc0       data     extern E:\3.46\pic18-lt\cxx-framework\src\extended\proc\p18f25k50.asm
                   ADRESH   0x000fc4       data     extern E:\3.46\pic18-lt\cxx-framework\src\extended\proc\p18f25k50.asm
                   ADRESL   0x000fc3       data     extern E:\3.46\pic18-lt\cxx-framework\src\extended\proc\p18f25k50.asm
                   ANSELA   0x000f5b       data     extern E:\3.46\pic18-lt\cxx-framework\src\extended\proc\p18f25k50.asm
               ANSELAbits   0x000f5b       data     extern E:\3.46\pic18-lt\cxx-framework\src\extended\proc\p18f25k50.asm
                   ANSELB   0x000f5c       data     extern E:\3.46\pic18-lt\cxx-framework\src\extended\proc\p18f25k50.asm
               ANSELBbits   0x000f5c       data     extern E:\3.46\pic18-lt\cxx-framework\src\extended\proc\p18f25k50.asm
                   ANSELC   0x000f5d       data     extern E:\3.46\pic18-lt\cxx-framework\src\extended\proc\p18f25k50.asm
               ANSELCbits   0x000f5d       data     extern E:\3.46\pic18-lt\cxx-framework\src\extended\proc\p18f25k50.asm
                  BAUDCON   0x000fb8       data     extern E:\3.46\pic18-lt\cxx-framework\src\extended\proc\p18f25k50.asm
                 BAUDCON1   0x000fb8       data     extern E:\3.46\pic18-lt\cxx-framework\src\extended\proc\p18f25k50.asm
             BAUDCON1bits   0x000fb8       data     extern E:\3.46\pic18-lt\cxx-framework\src\extended\proc\p18f25k50.asm
              BAUDCONbits   0x000fb8       data     extern E:\3.46\pic18-lt\cxx-framework\src\extended\proc\p18f25k50.asm
                      BSR   0x000fe0       data     extern E:\3.46\pic18-lt\cxx-framework\src\extended\proc\p18f25k50.asm
                  CCP1CON   0x000fbd       data     extern E:\3.46\pic18-lt\cxx-framework\src\extended\proc\p18f25k50.asm
              CCP1CONbits   0x000fbd       data     extern E:\3.46\pic18-lt\cxx-framework\src\extended\proc\p18f25k50.asm
                  CCP2CON   0x000f97       data     extern E:\3.46\pic18-lt\cxx-framework\src\extended\proc\p18f25k50.asm
              CCP2CONbits   0x000f97       data     extern E:\3.46\pic18-lt\cxx-framework\src\extended\proc\p18f25k50.asm
                    CCPR1   0x000fbe       data     extern E:\3.46\pic18-lt\cxx-framework\src\extended\proc\p18f25k50.asm
                   CCPR1H   0x000fbf       data     extern E:\3.46\pic18-lt\cxx-framework\src\extended\proc\p18f25k50.asm
                   CCPR1L   0x000fbe       data     extern E:\3.46\pic18-lt\cxx-framework\src\extended\proc\p18f25k50.asm
                    CCPR2   0x000f90       data     extern E:\3.46\pic18-lt\cxx-framework\src\extended\proc\p18f25k50.asm
                   CCPR2H   0x000f91       data     extern E:\3.46\pic18-lt\cxx-framework\src\extended\proc\p18f25k50.asm
                   CCPR2L   0x000f90       data     extern E:\3.46\pic18-lt\cxx-framework\src\extended\proc\p18f25k50.asm
                  CCPTMRS   0x000f59       data     extern E:\3.46\pic18-lt\cxx-framework\src\extended\proc\p18f25k50.asm
              CCPTMRSbits   0x000f59       data     extern E:\3.46\pic18-lt\cxx-framework\src\extended\proc\p18f25k50.asm
                  CM1CON0   0x000f98       data     extern E:\3.46\pic18-lt\cxx-framework\src\extended\proc\p18f25k50.asm
              CM1CON0bits   0x000f98       data     extern E:\3.46\pic18-lt\cxx-framework\src\extended\proc\p18f25k50.asm
                  CM2CON0   0x000f99       data     extern E:\3.46\pic18-lt\cxx-framework\src\extended\proc\p18f25k50.asm
              CM2CON0bits   0x000f99       data     extern E:\3.46\pic18-lt\cxx-framework\src\extended\proc\p18f25k50.asm
                  CM2CON1   0x000f9a       data     extern E:\3.46\pic18-lt\cxx-framework\src\extended\proc\p18f25k50.asm
              CM2CON1bits   0x000f9a       data     extern E:\3.46\pic18-lt\cxx-framework\src\extended\proc\p18f25k50.asm
                 CTMUCON0   0x000f8f       data     extern E:\3.46\pic18-lt\cxx-framework\src\extended\proc\p18f25k50.asm
             CTMUCON0bits   0x000f8f       data     extern E:\3.46\pic18-lt\cxx-framework\src\extended\proc\p18f25k50.asm
                 CTMUCON1   0x000f8e       data     extern E:\3.46\pic18-lt\cxx-framework\src\extended\proc\p18f25k50.asm
             CTMUCON1bits   0x000f8e       data     extern E:\3.46\pic18-lt\cxx-framework\src\extended\proc\p18f25k50.asm
                 CTMUCONH   0x000f8f       data     extern E:\3.46\pic18-lt\cxx-framework\src\extended\proc\p18f25k50.asm
             CTMUCONHbits   0x000f8f       data     extern E:\3.46\pic18-lt\cxx-framework\src\extended\proc\p18f25k50.asm
                 CTMUCONL   0x000f8e       data     extern E:\3.46\pic18-lt\cxx-framework\src\extended\proc\p18f25k50.asm
             CTMUCONLbits   0x000f8e       data     extern E:\3.46\pic18-lt\cxx-framework\src\extended\proc\p18f25k50.asm
                 CTMUICON   0x000f88       data     extern E:\3.46\pic18-lt\cxx-framework\src\extended\proc\p18f25k50.asm
             CTMUICONbits   0x000f88       data     extern E:\3.46\pic18-lt\cxx-framework\src\extended\proc\p18f25k50.asm
                     DDRA   0x000f92       data     extern E:\3.46\pic18-lt\cxx-framework\src\extended\proc\p18f25k50.asm
                 DDRAbits   0x000f92       data     extern E:\3.46\pic18-lt\cxx-framework\src\extended\proc\p18f25k50.asm
                     DDRB   0x000f93       data     extern E:\3.46\pic18-lt\cxx-framework\src\extended\proc\p18f25k50.asm
                 DDRBbits   0x000f93       data     extern E:\3.46\pic18-lt\cxx-framework\src\extended\proc\p18f25k50.asm
                     DDRC   0x000f94       data     extern E:\3.46\pic18-lt\cxx-framework\src\extended\proc\p18f25k50.asm
                 DDRCbits   0x000f94       data     extern E:\3.46\pic18-lt\cxx-framework\src\extended\proc\p18f25k50.asm
            DelayCounter1   0x000114       data     extern E:\3.46\pic18-lt\cxx-framework\src\extended\delays\delayd1.asm
                  ECCP1AS   0x000fb6       data     extern E:\3.46\pic18-lt\cxx-framework\src\extended\proc\p18f25k50.asm
              ECCP1ASbits   0x000fb6       data     extern E:\3.46\pic18-lt\cxx-framework\src\extended\proc\p18f25k50.asm
                 ECCP1CON   0x000fbd       data     extern E:\3.46\pic18-lt\cxx-framework\src\extended\proc\p18f25k50.asm
             ECCP1CONbits   0x000fbd       data     extern E:\3.46\pic18-lt\cxx-framework\src\extended\proc\p18f25k50.asm
                 ECCP1DEL   0x000fb7       data     extern E:\3.46\pic18-lt\cxx-framework\src\extended\proc\p18f25k50.asm
             ECCP1DELbits   0x000fb7       data     extern E:\3.46\pic18-lt\cxx-framework\src\extended\proc\p18f25k50.asm
                 ECCP2CON   0x000f97       data     extern E:\3.46\pic18-lt\cxx-framework\src\extended\proc\p18f25k50.asm
             ECCP2CONbits   0x000f97       data     extern E:\3.46\pic18-lt\cxx-framework\src\extended\proc\p18f25k50.asm
                    EEADR   0x000fa9       data     extern E:\3.46\pic18-lt\cxx-framework\src\extended\proc\p18f25k50.asm
                   EECON1   0x000fa6       data     extern E:\3.46\pic18-lt\cxx-framework\src\extended\proc\p18f25k50.asm
               EECON1bits   0x000fa6       data     extern E:\3.46\pic18-lt\cxx-framework\src\extended\proc\p18f25k50.asm
                   EECON2   0x000fa7       data     extern E:\3.46\pic18-lt\cxx-framework\src\extended\proc\p18f25k50.asm
                   EEDATA   0x000fa8       data     extern E:\3.46\pic18-lt\cxx-framework\src\extended\proc\p18f25k50.asm
                     FSR0   0x000fe9       data     extern E:\3.46\pic18-lt\cxx-framework\src\extended\proc\p18f25k50.asm
                    FSR0H   0x000fea       data     extern E:\3.46\pic18-lt\cxx-framework\src\extended\proc\p18f25k50.asm
                    FSR0L   0x000fe9       data     extern E:\3.46\pic18-lt\cxx-framework\src\extended\proc\p18f25k50.asm
                     FSR1   0x000fe1       data     extern E:\3.46\pic18-lt\cxx-framework\src\extended\proc\p18f25k50.asm
                    FSR1H   0x000fe2       data     extern E:\3.46\pic18-lt\cxx-framework\src\extended\proc\p18f25k50.asm
                    FSR1L   0x000fe1       data     extern E:\3.46\pic18-lt\cxx-framework\src\extended\proc\p18f25k50.asm
                     FSR2   0x000fd9       data     extern E:\3.46\pic18-lt\cxx-framework\src\extended\proc\p18f25k50.asm
                    FSR2H   0x000fda       data     extern E:\3.46\pic18-lt\cxx-framework\src\extended\proc\p18f25k50.asm
                    FSR2L   0x000fd9       data     extern E:\3.46\pic18-lt\cxx-framework\src\extended\proc\p18f25k50.asm
                  HLVDCON   0x000f9c       data     extern E:\3.46\pic18-lt\cxx-framework\src\extended\proc\p18f25k50.asm
              HLVDCONbits   0x000f9c       data     extern E:\3.46\pic18-lt\cxx-framework\src\extended\proc\p18f25k50.asm
                    INDF0   0x000fef       data     extern E:\3.46\pic18-lt\cxx-framework\src\extended\proc\p18f25k50.asm
                    INDF1   0x000fe7       data     extern E:\3.46\pic18-lt\cxx-framework\src\extended\proc\p18f25k50.asm
                    INDF2   0x000fdf       data     extern E:\3.46\pic18-lt\cxx-framework\src\extended\proc\p18f25k50.asm
                   INTCON   0x000ff2       data     extern E:\3.46\pic18-lt\cxx-framework\src\extended\proc\p18f25k50.asm
                  INTCON2   0x000ff1       data     extern E:\3.46\pic18-lt\cxx-framework\src\extended\proc\p18f25k50.asm
              INTCON2bits   0x000ff1       data     extern E:\3.46\pic18-lt\cxx-framework\src\extended\proc\p18f25k50.asm
                  INTCON3   0x000ff0       data     extern E:\3.46\pic18-lt\cxx-framework\src\extended\proc\p18f25k50.asm
              INTCON3bits   0x000ff0       data     extern E:\3.46\pic18-lt\cxx-framework\src\extended\proc\p18f25k50.asm
               INTCONbits   0x000ff2       data     extern E:\3.46\pic18-lt\cxx-framework\src\extended\proc\p18f25k50.asm
                     IOCB   0x000f86       data     extern E:\3.46\pic18-lt\cxx-framework\src\extended\proc\p18f25k50.asm
                 IOCBbits   0x000f86       data     extern E:\3.46\pic18-lt\cxx-framework\src\extended\proc\p18f25k50.asm
                     IOCC   0x000f87       data     extern E:\3.46\pic18-lt\cxx-framework\src\extended\proc\p18f25k50.asm
                 IOCCbits   0x000f87       data     extern E:\3.46\pic18-lt\cxx-framework\src\extended\proc\p18f25k50.asm
                     IPR1   0x000f9f       data     extern E:\3.46\pic18-lt\cxx-framework\src\extended\proc\p18f25k50.asm
                 IPR1bits   0x000f9f       data     extern E:\3.46\pic18-lt\cxx-framework\src\extended\proc\p18f25k50.asm
                     IPR2   0x000fa2       data     extern E:\3.46\pic18-lt\cxx-framework\src\extended\proc\p18f25k50.asm
                 IPR2bits   0x000fa2       data     extern E:\3.46\pic18-lt\cxx-framework\src\extended\proc\p18f25k50.asm
                     IPR3   0x000fa5       data     extern E:\3.46\pic18-lt\cxx-framework\src\extended\proc\p18f25k50.asm
                 IPR3bits   0x000fa5       data     extern E:\3.46\pic18-lt\cxx-framework\src\extended\proc\p18f25k50.asm
                     LATA   0x000f89       data     extern E:\3.46\pic18-lt\cxx-framework\src\extended\proc\p18f25k50.asm
                 LATAbits   0x000f89       data     extern E:\3.46\pic18-lt\cxx-framework\src\extended\proc\p18f25k50.asm
                     LATB   0x000f8a       data     extern E:\3.46\pic18-lt\cxx-framework\src\extended\proc\p18f25k50.asm
                 LATBbits   0x000f8a       data     extern E:\3.46\pic18-lt\cxx-framework\src\extended\proc\p18f25k50.asm
                     LATC   0x000f8b       data     extern E:\3.46\pic18-lt\cxx-framework\src\extended\proc\p18f25k50.asm
                 LATCbits   0x000f8b       data     extern E:\3.46\pic18-lt\cxx-framework\src\extended\proc\p18f25k50.asm
                   OSCCON   0x000fd3       data     extern E:\3.46\pic18-lt\cxx-framework\src\extended\proc\p18f25k50.asm
                  OSCCON2   0x000fd2       data     extern E:\3.46\pic18-lt\cxx-framework\src\extended\proc\p18f25k50.asm
              OSCCON2bits   0x000fd2       data     extern E:\3.46\pic18-lt\cxx-framework\src\extended\proc\p18f25k50.asm
               OSCCONbits   0x000fd3       data     extern E:\3.46\pic18-lt\cxx-framework\src\extended\proc\p18f25k50.asm
                  OSCTUNE   0x000f9b       data     extern E:\3.46\pic18-lt\cxx-framework\src\extended\proc\p18f25k50.asm
              OSCTUNEbits   0x000f9b       data     extern E:\3.46\pic18-lt\cxx-framework\src\extended\proc\p18f25k50.asm
                       PC   0x000ff9       data     extern E:\3.46\pic18-lt\cxx-framework\src\extended\proc\p18f25k50.asm
                      PCL   0x000ff9       data     extern E:\3.46\pic18-lt\cxx-framework\src\extended\proc\p18f25k50.asm
                   PCLATH   0x000ffa       data     extern E:\3.46\pic18-lt\cxx-framework\src\extended\proc\p18f25k50.asm
                   PCLATU   0x000ffb       data     extern E:\3.46\pic18-lt\cxx-framework\src\extended\proc\p18f25k50.asm
                     PIE1   0x000f9d       data     extern E:\3.46\pic18-lt\cxx-framework\src\extended\proc\p18f25k50.asm
                 PIE1bits   0x000f9d       data     extern E:\3.46\pic18-lt\cxx-framework\src\extended\proc\p18f25k50.asm
                     PIE2   0x000fa0       data     extern E:\3.46\pic18-lt\cxx-framework\src\extended\proc\p18f25k50.asm
                 PIE2bits   0x000fa0       data     extern E:\3.46\pic18-lt\cxx-framework\src\extended\proc\p18f25k50.asm
                     PIE3   0x000fa3       data     extern E:\3.46\pic18-lt\cxx-framework\src\extended\proc\p18f25k50.asm
                 PIE3bits   0x000fa3       data     extern E:\3.46\pic18-lt\cxx-framework\src\extended\proc\p18f25k50.asm
                     PIR1   0x000f9e       data     extern E:\3.46\pic18-lt\cxx-framework\src\extended\proc\p18f25k50.asm
                 PIR1bits   0x000f9e       data     extern E:\3.46\pic18-lt\cxx-framework\src\extended\proc\p18f25k50.asm
                     PIR2   0x000fa1       data     extern E:\3.46\pic18-lt\cxx-framework\src\extended\proc\p18f25k50.asm
                 PIR2bits   0x000fa1       data     extern E:\3.46\pic18-lt\cxx-framework\src\extended\proc\p18f25k50.asm
                     PIR3   0x000fa4       data     extern E:\3.46\pic18-lt\cxx-framework\src\extended\proc\p18f25k50.asm
                 PIR3bits   0x000fa4       data     extern E:\3.46\pic18-lt\cxx-framework\src\extended\proc\p18f25k50.asm
                   PLUSW0   0x000feb       data     extern E:\3.46\pic18-lt\cxx-framework\src\extended\proc\p18f25k50.asm
                   PLUSW1   0x000fe3       data     extern E:\3.46\pic18-lt\cxx-framework\src\extended\proc\p18f25k50.asm
                   PLUSW2   0x000fdb       data     extern E:\3.46\pic18-lt\cxx-framework\src\extended\proc\p18f25k50.asm
                     PMD0   0x000f7e       data     extern E:\3.46\pic18-lt\cxx-framework\src\extended\proc\p18f25k50.asm
                 PMD0bits   0x000f7e       data     extern E:\3.46\pic18-lt\cxx-framework\src\extended\proc\p18f25k50.asm
                     PMD1   0x000f7f       data     extern E:\3.46\pic18-lt\cxx-framework\src\extended\proc\p18f25k50.asm
                 PMD1bits   0x000f7f       data     extern E:\3.46\pic18-lt\cxx-framework\src\extended\proc\p18f25k50.asm
                    PORTA   0x000f80       data     extern E:\3.46\pic18-lt\cxx-framework\src\extended\proc\p18f25k50.asm
                PORTAbits   0x000f80       data     extern E:\3.46\pic18-lt\cxx-framework\src\extended\proc\p18f25k50.asm
                    PORTB   0x000f81       data     extern E:\3.46\pic18-lt\cxx-framework\src\extended\proc\p18f25k50.asm
                PORTBbits   0x000f81       data     extern E:\3.46\pic18-lt\cxx-framework\src\extended\proc\p18f25k50.asm
                    PORTC   0x000f82       data     extern E:\3.46\pic18-lt\cxx-framework\src\extended\proc\p18f25k50.asm
                PORTCbits   0x000f82       data     extern E:\3.46\pic18-lt\cxx-framework\src\extended\proc\p18f25k50.asm
                    PORTE   0x000f84       data     extern E:\3.46\pic18-lt\cxx-framework\src\extended\proc\p18f25k50.asm
                PORTEbits   0x000f84       data     extern E:\3.46\pic18-lt\cxx-framework\src\extended\proc\p18f25k50.asm
                 POSTDEC0   0x000fed       data     extern E:\3.46\pic18-lt\cxx-framework\src\extended\proc\p18f25k50.asm
                 POSTDEC1   0x000fe5       data     extern E:\3.46\pic18-lt\cxx-framework\src\extended\proc\p18f25k50.asm
                 POSTDEC2   0x000fdd       data     extern E:\3.46\pic18-lt\cxx-framework\src\extended\proc\p18f25k50.asm
                 POSTINC0   0x000fee       data     extern E:\3.46\pic18-lt\cxx-framework\src\extended\proc\p18f25k50.asm
                 POSTINC1   0x000fe6       data     extern E:\3.46\pic18-lt\cxx-framework\src\extended\proc\p18f25k50.asm
                 POSTINC2   0x000fde       data     extern E:\3.46\pic18-lt\cxx-framework\src\extended\proc\p18f25k50.asm
                      PR2   0x000fbb       data     extern E:\3.46\pic18-lt\cxx-framework\src\extended\proc\p18f25k50.asm
                  PREINC0   0x000fec       data     extern E:\3.46\pic18-lt\cxx-framework\src\extended\proc\p18f25k50.asm
                  PREINC1   0x000fe4       data     extern E:\3.46\pic18-lt\cxx-framework\src\extended\proc\p18f25k50.asm
                  PREINC2   0x000fdc       data     extern E:\3.46\pic18-lt\cxx-framework\src\extended\proc\p18f25k50.asm
                     PROD   0x000ff3       data     extern E:\3.46\pic18-lt\cxx-framework\src\extended\proc\p18f25k50.asm
                    PRODH   0x000ff4       data     extern E:\3.46\pic18-lt\cxx-framework\src\extended\proc\p18f25k50.asm
                    PRODL   0x000ff3       data     extern E:\3.46\pic18-lt\cxx-framework\src\extended\proc\p18f25k50.asm
                 PSTR1CON   0x000fb9       data     extern E:\3.46\pic18-lt\cxx-framework\src\extended\proc\p18f25k50.asm
             PSTR1CONbits   0x000fb9       data     extern E:\3.46\pic18-lt\cxx-framework\src\extended\proc\p18f25k50.asm
                  PWM1CON   0x000fb7       data     extern E:\3.46\pic18-lt\cxx-framework\src\extended\proc\p18f25k50.asm
              PWM1CONbits   0x000fb7       data     extern E:\3.46\pic18-lt\cxx-framework\src\extended\proc\p18f25k50.asm
                     RCON   0x000fd0       data     extern E:\3.46\pic18-lt\cxx-framework\src\extended\proc\p18f25k50.asm
                 RCONbits   0x000fd0       data     extern E:\3.46\pic18-lt\cxx-framework\src\extended\proc\p18f25k50.asm
                    RCREG   0x000fae       data     extern E:\3.46\pic18-lt\cxx-framework\src\extended\proc\p18f25k50.asm
                   RCREG1   0x000fae       data     extern E:\3.46\pic18-lt\cxx-framework\src\extended\proc\p18f25k50.asm
                    RCSTA   0x000fab       data     extern E:\3.46\pic18-lt\cxx-framework\src\extended\proc\p18f25k50.asm
                   RCSTA1   0x000fab       data     extern E:\3.46\pic18-lt\cxx-framework\src\extended\proc\p18f25k50.asm
               RCSTA1bits   0x000fab       data     extern E:\3.46\pic18-lt\cxx-framework\src\extended\proc\p18f25k50.asm
                RCSTAbits   0x000fab       data     extern E:\3.46\pic18-lt\cxx-framework\src\extended\proc\p18f25k50.asm
                   SLRCON   0x000f7a       data     extern E:\3.46\pic18-lt\cxx-framework\src\extended\proc\p18f25k50.asm
               SLRCONbits   0x000f7a       data     extern E:\3.46\pic18-lt\cxx-framework\src\extended\proc\p18f25k50.asm
                    SPBRG   0x000faf       data     extern E:\3.46\pic18-lt\cxx-framework\src\extended\proc\p18f25k50.asm
                   SPBRG1   0x000faf       data     extern E:\3.46\pic18-lt\cxx-framework\src\extended\proc\p18f25k50.asm
               SPBRG1bits   0x000faf       data     extern E:\3.46\pic18-lt\cxx-framework\src\extended\proc\p18f25k50.asm
                   SPBRGH   0x000fb0       data     extern E:\3.46\pic18-lt\cxx-framework\src\extended\proc\p18f25k50.asm
                  SPBRGH1   0x000fb0       data     extern E:\3.46\pic18-lt\cxx-framework\src\extended\proc\p18f25k50.asm
              SPBRGH1bits   0x000fb0       data     extern E:\3.46\pic18-lt\cxx-framework\src\extended\proc\p18f25k50.asm
               SPBRGHbits   0x000fb0       data     extern E:\3.46\pic18-lt\cxx-framework\src\extended\proc\p18f25k50.asm
                SPBRGbits   0x000faf       data     extern E:\3.46\pic18-lt\cxx-framework\src\extended\proc\p18f25k50.asm
                   SRCON0   0x000f58       data     extern E:\3.46\pic18-lt\cxx-framework\src\extended\proc\p18f25k50.asm
               SRCON0bits   0x000f58       data     extern E:\3.46\pic18-lt\cxx-framework\src\extended\proc\p18f25k50.asm
                   SRCON1   0x000f57       data     extern E:\3.46\pic18-lt\cxx-framework\src\extended\proc\p18f25k50.asm
               SRCON1bits   0x000f57       data     extern E:\3.46\pic18-lt\cxx-framework\src\extended\proc\p18f25k50.asm
                  SSP1ADD   0x000fc8       data     extern E:\3.46\pic18-lt\cxx-framework\src\extended\proc\p18f25k50.asm
              SSP1ADDbits   0x000fc8       data     extern E:\3.46\pic18-lt\cxx-framework\src\extended\proc\p18f25k50.asm
                  SSP1BUF   0x000fc9       data     extern E:\3.46\pic18-lt\cxx-framework\src\extended\proc\p18f25k50.asm
                 SSP1CON1   0x000fc6       data     extern E:\3.46\pic18-lt\cxx-framework\src\extended\proc\p18f25k50.asm
             SSP1CON1bits   0x000fc6       data     extern E:\3.46\pic18-lt\cxx-framework\src\extended\proc\p18f25k50.asm
                 SSP1CON2   0x000fc5       data     extern E:\3.46\pic18-lt\cxx-framework\src\extended\proc\p18f25k50.asm
             SSP1CON2bits   0x000fc5       data     extern E:\3.46\pic18-lt\cxx-framework\src\extended\proc\p18f25k50.asm
                 SSP1CON3   0x000fcb       data     extern E:\3.46\pic18-lt\cxx-framework\src\extended\proc\p18f25k50.asm
             SSP1CON3bits   0x000fcb       data     extern E:\3.46\pic18-lt\cxx-framework\src\extended\proc\p18f25k50.asm
                  SSP1MSK   0x000fca       data     extern E:\3.46\pic18-lt\cxx-framework\src\extended\proc\p18f25k50.asm
              SSP1MSKbits   0x000fca       data     extern E:\3.46\pic18-lt\cxx-framework\src\extended\proc\p18f25k50.asm
                 SSP1STAT   0x000fc7       data     extern E:\3.46\pic18-lt\cxx-framework\src\extended\proc\p18f25k50.asm
             SSP1STATbits   0x000fc7       data     extern E:\3.46\pic18-lt\cxx-framework\src\extended\proc\p18f25k50.asm
                   SSPADD   0x000fc8       data     extern E:\3.46\pic18-lt\cxx-framework\src\extended\proc\p18f25k50.asm
               SSPADDbits   0x000fc8       data     extern E:\3.46\pic18-lt\cxx-framework\src\extended\proc\p18f25k50.asm
                   SSPBUF   0x000fc9       data     extern E:\3.46\pic18-lt\cxx-framework\src\extended\proc\p18f25k50.asm
                   SSPCON   0x000fc6       data     extern E:\3.46\pic18-lt\cxx-framework\src\extended\proc\p18f25k50.asm
                  SSPCON1   0x000fc6       data     extern E:\3.46\pic18-lt\cxx-framework\src\extended\proc\p18f25k50.asm
              SSPCON1bits   0x000fc6       data     extern E:\3.46\pic18-lt\cxx-framework\src\extended\proc\p18f25k50.asm
                  SSPCON2   0x000fc5       data     extern E:\3.46\pic18-lt\cxx-framework\src\extended\proc\p18f25k50.asm
              SSPCON2bits   0x000fc5       data     extern E:\3.46\pic18-lt\cxx-framework\src\extended\proc\p18f25k50.asm
                  SSPCON3   0x000fcb       data     extern E:\3.46\pic18-lt\cxx-framework\src\extended\proc\p18f25k50.asm
              SSPCON3bits   0x000fcb       data     extern E:\3.46\pic18-lt\cxx-framework\src\extended\proc\p18f25k50.asm
               SSPCONbits   0x000fc6       data     extern E:\3.46\pic18-lt\cxx-framework\src\extended\proc\p18f25k50.asm
                   SSPMSK   0x000fca       data     extern E:\3.46\pic18-lt\cxx-framework\src\extended\proc\p18f25k50.asm
               SSPMSKbits   0x000fca       data     extern E:\3.46\pic18-lt\cxx-framework\src\extended\proc\p18f25k50.asm
                  SSPSTAT   0x000fc7       data     extern E:\3.46\pic18-lt\cxx-framework\src\extended\proc\p18f25k50.asm
              SSPSTATbits   0x000fc7       data     extern E:\3.46\pic18-lt\cxx-framework\src\extended\proc\p18f25k50.asm
                   STATUS   0x000fd8       data     extern E:\3.46\pic18-lt\cxx-framework\src\extended\proc\p18f25k50.asm
               STATUSbits   0x000fd8       data     extern E:\3.46\pic18-lt\cxx-framework\src\extended\proc\p18f25k50.asm
                    STCON   0x000fb5       data     extern E:\3.46\pic18-lt\cxx-framework\src\extended\proc\p18f25k50.asm
                STCONbits   0x000fb5       data     extern E:\3.46\pic18-lt\cxx-framework\src\extended\proc\p18f25k50.asm
                   STKPTR   0x000ffc       data     extern E:\3.46\pic18-lt\cxx-framework\src\extended\proc\p18f25k50.asm
               STKPTRbits   0x000ffc       data     extern E:\3.46\pic18-lt\cxx-framework\src\extended\proc\p18f25k50.asm
                    T0CON   0x000fd5       data     extern E:\3.46\pic18-lt\cxx-framework\src\extended\proc\p18f25k50.asm
                T0CONbits   0x000fd5       data     extern E:\3.46\pic18-lt\cxx-framework\src\extended\proc\p18f25k50.asm
                    T1CON   0x000fcd       data     extern E:\3.46\pic18-lt\cxx-framework\src\extended\proc\p18f25k50.asm
                T1CONbits   0x000fcd       data     extern E:\3.46\pic18-lt\cxx-framework\src\extended\proc\p18f25k50.asm
                   T1GCON   0x000fcc       data     extern E:\3.46\pic18-lt\cxx-framework\src\extended\proc\p18f25k50.asm
               T1GCONbits   0x000fcc       data     extern E:\3.46\pic18-lt\cxx-framework\src\extended\proc\p18f25k50.asm
                    T2CON   0x000fba       data     extern E:\3.46\pic18-lt\cxx-framework\src\extended\proc\p18f25k50.asm
                T2CONbits   0x000fba       data     extern E:\3.46\pic18-lt\cxx-framework\src\extended\proc\p18f25k50.asm
                    T3CON   0x000fb1       data     extern E:\3.46\pic18-lt\cxx-framework\src\extended\proc\p18f25k50.asm
                T3CONbits   0x000fb1       data     extern E:\3.46\pic18-lt\cxx-framework\src\extended\proc\p18f25k50.asm
                   T3GCON   0x000fb4       data     extern E:\3.46\pic18-lt\cxx-framework\src\extended\proc\p18f25k50.asm
               T3GCONbits   0x000fb4       data     extern E:\3.46\pic18-lt\cxx-framework\src\extended\proc\p18f25k50.asm
                   TABLAT   0x000ff5       data     extern E:\3.46\pic18-lt\cxx-framework\src\extended\proc\p18f25k50.asm
                   TBLPTR   0x000ff6       data     extern E:\3.46\pic18-lt\cxx-framework\src\extended\proc\p18f25k50.asm
                  TBLPTRH   0x000ff7       data     extern E:\3.46\pic18-lt\cxx-framework\src\extended\proc\p18f25k50.asm
                  TBLPTRL   0x000ff6       data     extern E:\3.46\pic18-lt\cxx-framework\src\extended\proc\p18f25k50.asm
                  TBLPTRU   0x000ff8       data     extern E:\3.46\pic18-lt\cxx-framework\src\extended\proc\p18f25k50.asm
                    TMR0H   0x000fd7       data     extern E:\3.46\pic18-lt\cxx-framework\src\extended\proc\p18f25k50.asm
                    TMR0L   0x000fd6       data     extern E:\3.46\pic18-lt\cxx-framework\src\extended\proc\p18f25k50.asm
                    TMR1H   0x000fcf       data     extern E:\3.46\pic18-lt\cxx-framework\src\extended\proc\p18f25k50.asm
                    TMR1L   0x000fce       data     extern E:\3.46\pic18-lt\cxx-framework\src\extended\proc\p18f25k50.asm
                     TMR2   0x000fbc       data     extern E:\3.46\pic18-lt\cxx-framework\src\extended\proc\p18f25k50.asm
                    TMR3H   0x000fb3       data     extern E:\3.46\pic18-lt\cxx-framework\src\extended\proc\p18f25k50.asm
                    TMR3L   0x000fb2       data     extern E:\3.46\pic18-lt\cxx-framework\src\extended\proc\p18f25k50.asm
                      TOS   0x000ffd       data     extern E:\3.46\pic18-lt\cxx-framework\src\extended\proc\p18f25k50.asm
                     TOSH   0x000ffe       data     extern E:\3.46\pic18-lt\cxx-framework\src\extended\proc\p18f25k50.asm
                     TOSL   0x000ffd       data     extern E:\3.46\pic18-lt\cxx-framework\src\extended\proc\p18f25k50.asm
                     TOSU   0x000fff       data     extern E:\3.46\pic18-lt\cxx-framework\src\extended\proc\p18f25k50.asm
                    TRISA   0x000f92       data     extern E:\3.46\pic18-lt\cxx-framework\src\extended\proc\p18f25k50.asm
                TRISAbits   0x000f92       data     extern E:\3.46\pic18-lt\cxx-framework\src\extended\proc\p18f25k50.asm
                    TRISB   0x000f93       data     extern E:\3.46\pic18-lt\cxx-framework\src\extended\proc\p18f25k50.asm
                TRISBbits   0x000f93       data     extern E:\3.46\pic18-lt\cxx-framework\src\extended\proc\p18f25k50.asm
                    TRISC   0x000f94       data     extern E:\3.46\pic18-lt\cxx-framework\src\extended\proc\p18f25k50.asm
                TRISCbits   0x000f94       data     extern E:\3.46\pic18-lt\cxx-framework\src\extended\proc\p18f25k50.asm
                    TXREG   0x000fad       data     extern E:\3.46\pic18-lt\cxx-framework\src\extended\proc\p18f25k50.asm
                   TXREG1   0x000fad       data     extern E:\3.46\pic18-lt\cxx-framework\src\extended\proc\p18f25k50.asm
                    TXSTA   0x000fac       data     extern E:\3.46\pic18-lt\cxx-framework\src\extended\proc\p18f25k50.asm
                   TXSTA1   0x000fac       data     extern E:\3.46\pic18-lt\cxx-framework\src\extended\proc\p18f25k50.asm
               TXSTA1bits   0x000fac       data     extern E:\3.46\pic18-lt\cxx-framework\src\extended\proc\p18f25k50.asm
                TXSTAbits   0x000fac       data     extern E:\3.46\pic18-lt\cxx-framework\src\extended\proc\p18f25k50.asm
                    UADDR   0x000f63       data     extern E:\3.46\pic18-lt\cxx-framework\src\extended\proc\p18f25k50.asm
                UADDRbits   0x000f63       data     extern E:\3.46\pic18-lt\cxx-framework\src\extended\proc\p18f25k50.asm
                     UCFG   0x000f62       data     extern E:\3.46\pic18-lt\cxx-framework\src\extended\proc\p18f25k50.asm
                 UCFGbits   0x000f62       data     extern E:\3.46\pic18-lt\cxx-framework\src\extended\proc\p18f25k50.asm
                     UCON   0x000f60       data     extern E:\3.46\pic18-lt\cxx-framework\src\extended\proc\p18f25k50.asm
                 UCONbits   0x000f60       data     extern E:\3.46\pic18-lt\cxx-framework\src\extended\proc\p18f25k50.asm
                     UEIE   0x000f66       data     extern E:\3.46\pic18-lt\cxx-framework\src\extended\proc\p18f25k50.asm
                 UEIEbits   0x000f66       data     extern E:\3.46\pic18-lt\cxx-framework\src\extended\proc\p18f25k50.asm
                     UEIR   0x000f67       data     extern E:\3.46\pic18-lt\cxx-framework\src\extended\proc\p18f25k50.asm
                 UEIRbits   0x000f67       data     extern E:\3.46\pic18-lt\cxx-framework\src\extended\proc\p18f25k50.asm
                     UEP0   0x000f6a       data     extern E:\3.46\pic18-lt\cxx-framework\src\extended\proc\p18f25k50.asm
                 UEP0bits   0x000f6a       data     extern E:\3.46\pic18-lt\cxx-framework\src\extended\proc\p18f25k50.asm
                     UEP1   0x000f6b       data     extern E:\3.46\pic18-lt\cxx-framework\src\extended\proc\p18f25k50.asm
                    UEP10   0x000f74       data     extern E:\3.46\pic18-lt\cxx-framework\src\extended\proc\p18f25k50.asm
                UEP10bits   0x000f74       data     extern E:\3.46\pic18-lt\cxx-framework\src\extended\proc\p18f25k50.asm
                    UEP11   0x000f75       data     extern E:\3.46\pic18-lt\cxx-framework\src\extended\proc\p18f25k50.asm
                UEP11bits   0x000f75       data     extern E:\3.46\pic18-lt\cxx-framework\src\extended\proc\p18f25k50.asm
                    UEP12   0x000f76       data     extern E:\3.46\pic18-lt\cxx-framework\src\extended\proc\p18f25k50.asm
                UEP12bits   0x000f76       data     extern E:\3.46\pic18-lt\cxx-framework\src\extended\proc\p18f25k50.asm
                    UEP13   0x000f77       data     extern E:\3.46\pic18-lt\cxx-framework\src\extended\proc\p18f25k50.asm
                UEP13bits   0x000f77       data     extern E:\3.46\pic18-lt\cxx-framework\src\extended\proc\p18f25k50.asm
                    UEP14   0x000f78       data     extern E:\3.46\pic18-lt\cxx-framework\src\extended\proc\p18f25k50.asm
                UEP14bits   0x000f78       data     extern E:\3.46\pic18-lt\cxx-framework\src\extended\proc\p18f25k50.asm
                    UEP15   0x000f79       data     extern E:\3.46\pic18-lt\cxx-framework\src\extended\proc\p18f25k50.asm
                UEP15bits   0x000f79       data     extern E:\3.46\pic18-lt\cxx-framework\src\extended\proc\p18f25k50.asm
                 UEP1bits   0x000f6b       data     extern E:\3.46\pic18-lt\cxx-framework\src\extended\proc\p18f25k50.asm
                     UEP2   0x000f6c       data     extern E:\3.46\pic18-lt\cxx-framework\src\extended\proc\p18f25k50.asm
                 UEP2bits   0x000f6c       data     extern E:\3.46\pic18-lt\cxx-framework\src\extended\proc\p18f25k50.asm
                     UEP3   0x000f6d       data     extern E:\3.46\pic18-lt\cxx-framework\src\extended\proc\p18f25k50.asm
                 UEP3bits   0x000f6d       data     extern E:\3.46\pic18-lt\cxx-framework\src\extended\proc\p18f25k50.asm
                     UEP4   0x000f6e       data     extern E:\3.46\pic18-lt\cxx-framework\src\extended\proc\p18f25k50.asm
                 UEP4bits   0x000f6e       data     extern E:\3.46\pic18-lt\cxx-framework\src\extended\proc\p18f25k50.asm
                     UEP5   0x000f6f       data     extern E:\3.46\pic18-lt\cxx-framework\src\extended\proc\p18f25k50.asm
                 UEP5bits   0x000f6f       data     extern E:\3.46\pic18-lt\cxx-framework\src\extended\proc\p18f25k50.asm
                     UEP6   0x000f70       data     extern E:\3.46\pic18-lt\cxx-framework\src\extended\proc\p18f25k50.asm
                 UEP6bits   0x000f70       data     extern E:\3.46\pic18-lt\cxx-framework\src\extended\proc\p18f25k50.asm
                     UEP7   0x000f71       data     extern E:\3.46\pic18-lt\cxx-framework\src\extended\proc\p18f25k50.asm
                 UEP7bits   0x000f71       data     extern E:\3.46\pic18-lt\cxx-framework\src\extended\proc\p18f25k50.asm
                     UEP8   0x000f72       data     extern E:\3.46\pic18-lt\cxx-framework\src\extended\proc\p18f25k50.asm
                 UEP8bits   0x000f72       data     extern E:\3.46\pic18-lt\cxx-framework\src\extended\proc\p18f25k50.asm
                     UEP9   0x000f73       data     extern E:\3.46\pic18-lt\cxx-framework\src\extended\proc\p18f25k50.asm
                 UEP9bits   0x000f73       data     extern E:\3.46\pic18-lt\cxx-framework\src\extended\proc\p18f25k50.asm
                     UFRM   0x000f68       data     extern E:\3.46\pic18-lt\cxx-framework\src\extended\proc\p18f25k50.asm
                    UFRMH   0x000f69       data     extern E:\3.46\pic18-lt\cxx-framework\src\extended\proc\p18f25k50.asm
                UFRMHbits   0x000f69       data     extern E:\3.46\pic18-lt\cxx-framework\src\extended\proc\p18f25k50.asm
                    UFRML   0x000f68       data     extern E:\3.46\pic18-lt\cxx-framework\src\extended\proc\p18f25k50.asm
                UFRMLbits   0x000f68       data     extern E:\3.46\pic18-lt\cxx-framework\src\extended\proc\p18f25k50.asm
                      UIE   0x000f64       data     extern E:\3.46\pic18-lt\cxx-framework\src\extended\proc\p18f25k50.asm
                  UIEbits   0x000f64       data     extern E:\3.46\pic18-lt\cxx-framework\src\extended\proc\p18f25k50.asm
                      UIR   0x000f65       data     extern E:\3.46\pic18-lt\cxx-framework\src\extended\proc\p18f25k50.asm
                  UIRbits   0x000f65       data     extern E:\3.46\pic18-lt\cxx-framework\src\extended\proc\p18f25k50.asm
                    USTAT   0x000f61       data     extern E:\3.46\pic18-lt\cxx-framework\src\extended\proc\p18f25k50.asm
[...]
               EECON1bits   0x000fa6       data     extern E:\3.46\pic18-lt\cxx-framework\src\extended\proc\p18f25k50.asm
                   EECON2   0x000fa7       data     extern E:\3.46\pic18-lt\cxx-framework\src\extended\proc\p18f25k50.asm
                   EEDATA   0x000fa8       data     extern E:\3.46\pic18-lt\cxx-framework\src\extended\proc\p18f25k50.asm
                    EEADR   0x000fa9       data     extern E:\3.46\pic18-lt\cxx-framework\src\extended\proc\p18f25k50.asm
                    RCSTA   0x000fab       data     extern E:\3.46\pic18-lt\cxx-framework\src\extended\proc\p18f25k50.asm
                   RCSTA1   0x000fab       data     extern E:\3.46\pic18-lt\cxx-framework\src\extended\proc\p18f25k50.asm
               RCSTA1bits   0x000fab       data     extern E:\3.46\pic18-lt\cxx-framework\src\extended\proc\p18f25k50.asm
                RCSTAbits   0x000fab       data     extern E:\3.46\pic18-lt\cxx-framework\src\extended\proc\p18f25k50.asm
                TXSTAbits   0x000fac       data     extern E:\3.46\pic18-lt\cxx-framework\src\extended\proc\p18f25k50.asm
               TXSTA1bits   0x000fac       data     extern E:\3.46\pic18-lt\cxx-framework\src\extended\proc\p18f25k50.asm
                   TXSTA1   0x000fac       data     extern E:\3.46\pic18-lt\cxx-framework\src\extended\proc\p18f25k50.asm
                    TXSTA   0x000fac       data     extern E:\3.46\pic18-lt\cxx-framework\src\extended\proc\p18f25k50.asm
                   TXREG1   0x000fad       data     extern E:\3.46\pic18-lt\cxx-framework\src\extended\proc\p18f25k50.asm
                    TXREG   0x000fad       data     extern E:\3.46\pic18-lt\cxx-framework\src\extended\proc\p18f25k50.asm
                   RCREG1   0x000fae       data     extern E:\3.46\pic18-lt\cxx-framework\src\extended\proc\p18f25k50.asm
                    RCREG   0x000fae       data     extern E:\3.46\pic18-lt\cxx-framework\src\extended\proc\p18f25k50.asm
                    SPBRG   0x000faf       data     extern E:\3.46\pic18-lt\cxx-framework\src\extended\proc\p18f25k50.asm
                   SPBRG1   0x000faf       data     extern E:\3.46\pic18-lt\cxx-framework\src\extended\proc\p18f25k50.asm
               SPBRG1bits   0x000faf       data     extern E:\3.46\pic18-lt\cxx-framework\src\extended\proc\p18f25k50.asm
                SPBRGbits   0x000faf       data     extern E:\3.46\pic18-lt\cxx-framework\src\extended\proc\p18f25k50.asm
                   SPBRGH   0x000fb0       data     extern E:\3.46\pic18-lt\cxx-framework\src\extended\proc\p18f25k50.asm
                  SPBRGH1   0x000fb0       data     extern E:\3.46\pic18-lt\cxx-framework\src\extended\proc\p18f25k50.asm
              SPBRGH1bits   0x000fb0       data     extern E:\3.46\pic18-lt\cxx-framework\src\extended\proc\p18f25k50.asm
               SPBRGHbits   0x000fb0       data     extern E:\3.46\pic18-lt\cxx-framework\src\extended\proc\p18f25k50.asm
                T3CONbits   0x000fb1       data     extern E:\3.46\pic18-lt\cxx-framework\src\extended\proc\p18f25k50.asm
                    T3CON   0x000fb1       data     extern E:\3.46\pic18-lt\cxx-framework\src\extended\proc\p18f25k50.asm
                    TMR3L   0x000fb2       data     extern E:\3.46\pic18-lt\cxx-framework\src\extended\proc\p18f25k50.asm
                    TMR3H   0x000fb3       data     extern E:\3.46\pic18-lt\cxx-framework\src\extended\proc\p18f25k50.asm
                   T3GCON   0x000fb4       data     extern E:\3.46\pic18-lt\cxx-framework\src\extended\proc\p18f25k50.asm
               T3GCONbits   0x000fb4       data     extern E:\3.46\pic18-lt\cxx-framework\src\extended\proc\p18f25k50.asm
                STCONbits   0x000fb5       data     extern E:\3.46\pic18-lt\cxx-framework\src\extended\proc\p18f25k50.asm
                    STCON   0x000fb5       data     extern E:\3.46\pic18-lt\cxx-framework\src\extended\proc\p18f25k50.asm
                   ACTCON   0x000fb5       data     extern E:\3.46\pic18-lt\cxx-framework\src\extended\proc\p18f25k50.asm
               ACTCONbits   0x000fb5       data     extern E:\3.46\pic18-lt\cxx-framework\src\extended\proc\p18f25k50.asm
                  ECCP1AS   0x000fb6       data     extern E:\3.46\pic18-lt\cxx-framework\src\extended\proc\p18f25k50.asm
              ECCP1ASbits   0x000fb6       data     extern E:\3.46\pic18-lt\cxx-framework\src\extended\proc\p18f25k50.asm
              PWM1CONbits   0x000fb7       data     extern E:\3.46\pic18-lt\cxx-framework\src\extended\proc\p18f25k50.asm
                  PWM1CON   0x000fb7       data     extern E:\3.46\pic18-lt\cxx-framework\src\extended\proc\p18f25k50.asm
                 ECCP1DEL   0x000fb7       data     extern E:\3.46\pic18-lt\cxx-framework\src\extended\proc\p18f25k50.asm
             ECCP1DELbits   0x000fb7       data     extern E:\3.46\pic18-lt\cxx-framework\src\extended\proc\p18f25k50.asm
              BAUDCONbits   0x000fb8       data     extern E:\3.46\pic18-lt\cxx-framework\src\extended\proc\p18f25k50.asm
             BAUDCON1bits   0x000fb8       data     extern E:\3.46\pic18-lt\cxx-framework\src\extended\proc\p18f25k50.asm
                 BAUDCON1   0x000fb8       data     extern E:\3.46\pic18-lt\cxx-framework\src\extended\proc\p18f25k50.asm
                  BAUDCON   0x000fb8       data     extern E:\3.46\pic18-lt\cxx-framework\src\extended\proc\p18f25k50.asm
                 PSTR1CON   0x000fb9       data     extern E:\3.46\pic18-lt\cxx-framework\src\extended\proc\p18f25k50.asm
             PSTR1CONbits   0x000fb9       data     extern E:\3.46\pic18-lt\cxx-framework\src\extended\proc\p18f25k50.asm
                T2CONbits   0x000fba       data     extern E:\3.46\pic18-lt\cxx-framework\src\extended\proc\p18f25k50.asm
                    T2CON   0x000fba       data     extern E:\3.46\pic18-lt\cxx-framework\src\extended\proc\p18f25k50.asm
                      PR2   0x000fbb       data     extern E:\3.46\pic18-lt\cxx-framework\src\extended\proc\p18f25k50.asm
                     TMR2   0x000fbc       data     extern E:\3.46\pic18-lt\cxx-framework\src\extended\proc\p18f25k50.asm
             ECCP1CONbits   0x000fbd       data     extern E:\3.46\pic18-lt\cxx-framework\src\extended\proc\p18f25k50.asm
                 ECCP1CON   0x000fbd       data     extern E:\3.46\pic18-lt\cxx-framework\src\extended\proc\p18f25k50.asm
              CCP1CONbits   0x000fbd       data     extern E:\3.46\pic18-lt\cxx-framework\src\extended\proc\p18f25k50.asm
                  CCP1CON   0x000fbd       data     extern E:\3.46\pic18-lt\cxx-framework\src\extended\proc\p18f25k50.asm
                   CCPR1L   0x000fbe       data     extern E:\3.46\pic18-lt\cxx-framework\src\extended\proc\p18f25k50.asm
                    CCPR1   0x000fbe       data     extern E:\3.46\pic18-lt\cxx-framework\src\extended\proc\p18f25k50.asm
                   CCPR1H   0x000fbf       data     extern E:\3.46\pic18-lt\cxx-framework\src\extended\proc\p18f25k50.asm
                   ADCON2   0x000fc0       data     extern E:\3.46\pic18-lt\cxx-framework\src\extended\proc\p18f25k50.asm
               ADCON2bits   0x000fc0       data     extern E:\3.46\pic18-lt\cxx-framework\src\extended\proc\p18f25k50.asm
                   ADCON1   0x000fc1       data     extern E:\3.46\pic18-lt\cxx-framework\src\extended\proc\p18f25k50.asm
               ADCON1bits   0x000fc1       data     extern E:\3.46\pic18-lt\cxx-framework\src\extended\proc\p18f25k50.asm
                   ADCON0   0x000fc2       data     extern E:\3.46\pic18-lt\cxx-framework\src\extended\proc\p18f25k50.asm
               ADCON0bits   0x000fc2       data     extern E:\3.46\pic18-lt\cxx-framework\src\extended\proc\p18f25k50.asm
                   ADRESL   0x000fc3       data     extern E:\3.46\pic18-lt\cxx-framework\src\extended\proc\p18f25k50.asm
                   ADRESH   0x000fc4       data     extern E:\3.46\pic18-lt\cxx-framework\src\extended\proc\p18f25k50.asm
              SSPCON2bits   0x000fc5       data     extern E:\3.46\pic18-lt\cxx-framework\src\extended\proc\p18f25k50.asm
                  SSPCON2   0x000fc5       data     extern E:\3.46\pic18-lt\cxx-framework\src\extended\proc\p18f25k50.asm
                 SSP1CON2   0x000fc5       data     extern E:\3.46\pic18-lt\cxx-framework\src\extended\proc\p18f25k50.asm
             SSP1CON2bits   0x000fc5       data     extern E:\3.46\pic18-lt\cxx-framework\src\extended\proc\p18f25k50.asm
                 SSP1CON1   0x000fc6       data     extern E:\3.46\pic18-lt\cxx-framework\src\extended\proc\p18f25k50.asm
              SSPCON1bits   0x000fc6       data     extern E:\3.46\pic18-lt\cxx-framework\src\extended\proc\p18f25k50.asm
                  SSPCON1   0x000fc6       data     extern E:\3.46\pic18-lt\cxx-framework\src\extended\proc\p18f25k50.asm
                   SSPCON   0x000fc6       data     extern E:\3.46\pic18-lt\cxx-framework\src\extended\proc\p18f25k50.asm
             SSP1CON1bits   0x000fc6       data     extern E:\3.46\pic18-lt\cxx-framework\src\extended\proc\p18f25k50.asm
               SSPCONbits   0x000fc6       data     extern E:\3.46\pic18-lt\cxx-framework\src\extended\proc\p18f25k50.asm
                  SSPSTAT   0x000fc7       data     extern E:\3.46\pic18-lt\cxx-framework\src\extended\proc\p18f25k50.asm
                 SSP1STAT   0x000fc7       data     extern E:\3.46\pic18-lt\cxx-framework\src\extended\proc\p18f25k50.asm
             SSP1STATbits   0x000fc7       data     extern E:\3.46\pic18-lt\cxx-framework\src\extended\proc\p18f25k50.asm
              SSPSTATbits   0x000fc7       data     extern E:\3.46\pic18-lt\cxx-framework\src\extended\proc\p18f25k50.asm
                   SSPADD   0x000fc8       data     extern E:\3.46\pic18-lt\cxx-framework\src\extended\proc\p18f25k50.asm
               SSPADDbits   0x000fc8       data     extern E:\3.46\pic18-lt\cxx-framework\src\extended\proc\p18f25k50.asm
              SSP1ADDbits   0x000fc8       data     extern E:\3.46\pic18-lt\cxx-framework\src\extended\proc\p18f25k50.asm
                  SSP1ADD   0x000fc8       data     extern E:\3.46\pic18-lt\cxx-framework\src\extended\proc\p18f25k50.asm
                   SSPBUF   0x000fc9       data     extern E:\3.46\pic18-lt\cxx-framework\src\extended\proc\p18f25k50.asm
                  SSP1BUF   0x000fc9       data     extern E:\3.46\pic18-lt\cxx-framework\src\extended\proc\p18f25k50.asm
                   SSPMSK   0x000fca       data     extern E:\3.46\pic18-lt\cxx-framework\src\extended\proc\p18f25k50.asm
               SSPMSKbits   0x000fca       data     extern E:\3.46\pic18-lt\cxx-framework\src\extended\proc\p18f25k50.asm
                  SSP1MSK   0x000fca       data     extern E:\3.46\pic18-lt\cxx-framework\src\extended\proc\p18f25k50.asm
              SSP1MSKbits   0x000fca       data     extern E:\3.46\pic18-lt\cxx-framework\src\extended\proc\p18f25k50.asm
                 SSP1CON3   0x000fcb       data     extern E:\3.46\pic18-lt\cxx-framework\src\extended\proc\p18f25k50.asm
             SSP1CON3bits   0x000fcb       data     extern E:\3.46\pic18-lt\cxx-framework\src\extended\proc\p18f25k50.asm
                  SSPCON3   0x000fcb       data     extern E:\3.46\pic18-lt\cxx-framework\src\extended\proc\p18f25k50.asm
              SSPCON3bits   0x000fcb       data     extern E:\3.46\pic18-lt\cxx-framework\src\extended\proc\p18f25k50.asm
               T1GCONbits   0x000fcc       data     extern E:\3.46\pic18-lt\cxx-framework\src\extended\proc\p18f25k50.asm
                   T1GCON   0x000fcc       data     extern E:\3.46\pic18-lt\cxx-framework\src\extended\proc\p18f25k50.asm
                    T1CON   0x000fcd       data     extern E:\3.46\pic18-lt\cxx-framework\src\extended\proc\p18f25k50.asm
                T1CONbits   0x000fcd       data     extern E:\3.46\pic18-lt\cxx-framework\src\extended\proc\p18f25k50.asm
                    TMR1L   0x000fce       data     extern E:\3.46\pic18-lt\cxx-framework\src\extended\proc\p18f25k50.asm
                    TMR1H   0x000fcf       data     extern E:\3.46\pic18-lt\cxx-framework\src\extended\proc\p18f25k50.asm
                 RCONbits   0x000fd0       data     extern E:\3.46\pic18-lt\cxx-framework\src\extended\proc\p18f25k50.asm
                     RCON   0x000fd0       data     extern E:\3.46\pic18-lt\cxx-framework\src\extended\proc\p18f25k50.asm
               WDTCONbits   0x000fd1       data     extern E:\3.46\pic18-lt\cxx-framework\src\extended\proc\p18f25k50.asm
                   WDTCON   0x000fd1       data     extern E:\3.46\pic18-lt\cxx-framework\src\extended\proc\p18f25k50.asm
              OSCCON2bits   0x000fd2       data     extern E:\3.46\pic18-lt\cxx-framework\src\extended\proc\p18f25k50.asm
                  OSCCON2   0x000fd2       data     extern E:\3.46\pic18-lt\cxx-framework\src\extended\proc\p18f25k50.asm
               OSCCONbits   0x000fd3       data     extern E:\3.46\pic18-lt\cxx-framework\src\extended\proc\p18f25k50.asm
                   OSCCON   0x000fd3       data     extern E:\3.46\pic18-lt\cxx-framework\src\extended\proc\p18f25k50.asm
                    T0CON   0x000fd5       data     extern E:\3.46\pic18-lt\cxx-framework\src\extended\proc\p18f25k50.asm
                T0CONbits   0x000fd5       data     extern E:\3.46\pic18-lt\cxx-framework\src\extended\proc\p18f25k50.asm
                    TMR0L   0x000fd6       data     extern E:\3.46\pic18-lt\cxx-framework\src\extended\proc\p18f25k50.asm
                    TMR0H   0x000fd7       data     extern E:\3.46\pic18-lt\cxx-framework\src\extended\proc\p18f25k50.asm
                   STATUS   0x000fd8       data     extern E:\3.46\pic18-lt\cxx-framework\src\extended\proc\p18f25k50.asm
               STATUSbits   0x000fd8       data     extern E:\3.46\pic18-lt\cxx-framework\src\extended\proc\p18f25k50.asm
                     FSR2   0x000fd9       data     extern E:\3.46\pic18-lt\cxx-framework\src\extended\proc\p18f25k50.asm
                    FSR2L   0x000fd9       data     extern E:\3.46\pic18-lt\cxx-framework\src\extended\proc\p18f25k50.asm
                    FSR2H   0x000fda       data     extern E:\3.46\pic18-lt\cxx-framework\src\extended\proc\p18f25k50.asm
                   PLUSW2   0x000fdb       data     extern E:\3.46\pic18-lt\cxx-framework\src\extended\proc\p18f25k50.asm
                  PREINC2   0x000fdc       data     extern E:\3.46\pic18-lt\cxx-framework\src\extended\proc\p18f25k50.asm
                 POSTDEC2   0x000fdd       data     extern E:\3.46\pic18-lt\cxx-framework\src\extended\proc\p18f25k50.asm
                 POSTINC2   0x000fde       data     extern E:\3.46\pic18-lt\cxx-framework\src\extended\proc\p18f25k50.asm
                    INDF2   0x000fdf       data     extern E:\3.46\pic18-lt\cxx-framework\src\extended\proc\p18f25k50.asm
                      BSR   0x000fe0       data     extern E:\3.46\pic18-lt\cxx-framework\src\extended\proc\p18f25k50.asm
                     FSR1   0x000fe1       data     extern E:\3.46\pic18-lt\cxx-framework\src\extended\proc\p18f25k50.asm
                    FSR1L   0x000fe1       data     extern E:\3.46\pic18-lt\cxx-framework\src\extended\proc\p18f25k50.asm
                    FSR1H   0x000fe2       data     extern E:\3.46\pic18-lt\cxx-framework\src\extended\proc\p18f25k50.asm
                   PLUSW1   0x000fe3       data     extern E:\3.46\pic18-lt\cxx-framework\src\extended\proc\p18f25k50.asm
                  PREINC1   0x000fe4       data     extern E:\3.46\pic18-lt\cxx-framework\src\extended\proc\p18f25k50.asm
                 POSTDEC1   0x000fe5       data     extern E:\3.46\pic18-lt\cxx-framework\src\extended\proc\p18f25k50.asm
                 POSTINC1   0x000fe6       data     extern E:\3.46\pic18-lt\cxx-framework\src\extended\proc\p18f25k50.asm
                    INDF1   0x000fe7       data     extern E:\3.46\pic18-lt\cxx-framework\src\extended\proc\p18f25k50.asm
                     WREG   0x000fe8       data     extern E:\3.46\pic18-lt\cxx-framework\src\extended\proc\p18f25k50.asm
                     FSR0   0x000fe9       data     extern E:\3.46\pic18-lt\cxx-framework\src\extended\proc\p18f25k50.asm
                    FSR0L   0x000fe9       data     extern E:\3.46\pic18-lt\cxx-framework\src\extended\proc\p18f25k50.asm
                    FSR0H   0x000fea       data     extern E:\3.46\pic18-lt\cxx-framework\src\extended\proc\p18f25k50.asm
                   PLUSW0   0x000feb       data     extern E:\3.46\pic18-lt\cxx-framework\src\extended\proc\p18f25k50.asm
                  PREINC0   0x000fec       data     extern E:\3.46\pic18-lt\cxx-framework\src\extended\proc\p18f25k50.asm
                 POSTDEC0   0x000fed       data     extern E:\3.46\pic18-lt\cxx-framework\src\extended\proc\p18f25k50.asm
                 POSTINC0   0x000fee       data     extern E:\3.46\pic18-lt\cxx-framework\src\extended\proc\p18f25k50.asm
                    INDF0   0x000fef       data     extern E:\3.46\pic18-lt\cxx-framework\src\extended\proc\p18f25k50.asm
                  INTCON3   0x000ff0       data     extern E:\3.46\pic18-lt\cxx-framework\src\extended\proc\p18f25k50.asm
              INTCON3bits   0x000ff0       data     extern E:\3.46\pic18-lt\cxx-framework\src\extended\proc\p18f25k50.asm
                  INTCON2   0x000ff1       data     extern E:\3.46\pic18-lt\cxx-framework\src\extended\proc\p18f25k50.asm
              INTCON2bits   0x000ff1       data     extern E:\3.46\pic18-lt\cxx-framework\src\extended\proc\p18f25k50.asm
                   INTCON   0x000ff2       data     extern E:\3.46\pic18-lt\cxx-framework\src\extended\proc\p18f25k50.asm
               INTCONbits   0x000ff2       data     extern E:\3.46\pic18-lt\cxx-framework\src\extended\proc\p18f25k50.asm
                    PRODL   0x000ff3       data     extern E:\3.46\pic18-lt\cxx-framework\src\extended\proc\p18f25k50.asm
                     PROD   0x000ff3       data     extern E:\3.46\pic18-lt\cxx-framework\src\extended\proc\p18f25k50.asm
                    PRODH   0x000ff4       data     extern E:\3.46\pic18-lt\cxx-framework\src\extended\proc\p18f25k50.asm
                   TABLAT   0x000ff5       data     extern E:\3.46\pic18-lt\cxx-framework\src\extended\proc\p18f25k50.asm
                   TBLPTR   0x000ff6       data     extern E:\3.46\pic18-lt\cxx-framework\src\extended\proc\p18f25k50.asm
                  TBLPTRL   0x000ff6       data     extern E:\3.46\pic18-lt\cxx-framework\src\extended\proc\p18f25k50.asm
                  TBLPTRH   0x000ff7       data     extern E:\3.46\pic18-lt\cxx-framework\src\extended\proc\p18f25k50.asm
                  TBLPTRU   0x000ff8       data     extern E:\3.46\pic18-lt\cxx-framework\src\extended\proc\p18f25k50.asm
                      PCL   0x000ff9       data     extern E:\3.46\pic18-lt\cxx-framework\src\extended\proc\p18f25k50.asm
                       PC   0x000ff9       data     extern E:\3.46\pic18-lt\cxx-framework\src\extended\proc\p18f25k50.asm
                   PCLATH   0x000ffa       data     extern E:\3.46\pic18-lt\cxx-framework\src\extended\proc\p18f25k50.asm
                   PCLATU   0x000ffb       data     extern E:\3.46\pic18-lt\cxx-framework\src\extended\proc\p18f25k50.asm
                   STKPTR   0x000ffc       data     extern E:\3.46\pic18-lt\cxx-framework\src\extended\proc\p18f25k50.asm
               STKPTRbits   0x000ffc       data     extern E:\3.46\pic18-lt\cxx-framework\src\extended\proc\p18f25k50.asm
                     TOSL   0x000ffd       data     extern E:\3.46\pic18-lt\cxx-framework\src\extended\proc\p18f25k50.asm
                      TOS   0x000ffd       data     extern E:\3.46\pic18-lt\cxx-framework\src\extended\proc\p18f25k50.asm
                     TOSH   0x000ffe       data     extern E:\3.46\pic18-lt\cxx-framework\src\extended\proc\p18f25k50.asm
                     TOSU   0x000fff       data     extern E:\3.46\pic18-lt\cxx-framework\src\extended\proc\p18f25k50.asm


